Archive member included because of file (symbol)

contiki-z1.a(er-coap.o)       obj_z1/res-separate.o (coap_serialize_message)
contiki-z1.a(er-coap-engine.)
                              obj_z1/res-ledstatus.o (coap_rest_implementation)
contiki-z1.a(er-coap-transac)
                              contiki-z1.a(er-coap-engine.) (coap_register_as_transaction_handler)
contiki-z1.a(er-coap-observe)
                              contiki-z1.a(er-coap-transac) (coap_remove_observer_by_client)
contiki-z1.a(er-coap-separat)
                              obj_z1/res-separate.o (coap_separate_reject)
contiki-z1.a(er-coap-res-wel)
                              contiki-z1.a(er-coap-engine.) (res_well_known_core)
contiki-z1.a(er-coap-block1.)
                              obj_z1/res-b1-sep-b2.o (coap_block1_handler)
contiki-z1.a(er-coap-observe)
                              contiki-z1.a(er-coap-engine.) (coap_handle_notification)
contiki-z1.a(rest-engine.o)   contiki-z1.a(er-coap-engine.) (rest_activate_resource)
contiki-z1.a(contiki-z1-plat)
                              obj_z1/contiki-z1-main.o (init_platform)
contiki-z1.a(msp430.o)        obj_z1/contiki-z1-main.o (splhigh_)
contiki-z1.a(leds.o)          obj_z1/contiki-z1-main.o (leds_init)
contiki-z1.a(watchdog.o)      obj_z1/contiki-z1-main.o (watchdog_start)
contiki-z1.a(xmem.o)          obj_z1/contiki-z1-main.o (xmem_init)
contiki-z1.a(spi.o)           contiki-z1.a(xmem.o) (spi_init)
contiki-z1.a(cc2420.o)        obj_z1/contiki-z1-main.o (cc2420_set_pan_addr)
contiki-z1.a(cc2420-arch.o)   contiki-z1.a(cc2420.o) (cc2420_arch_init)
contiki-z1.a(node-id.o)       obj_z1/contiki-z1-main.o (node_id_restore)
contiki-z1.a(sensors.o)       contiki-z1.a(contiki-z1-plat) (sensors_process)
contiki-z1.a(button-sensor.o)
                              roteador.co (button_sensor)
contiki-z1.a(radio-sensor.o)  obj_z1/res-radio.o (radio_sensor)
contiki-z1.a(uart0.o)         obj_z1/contiki-z1-main.o (uart0_active)
contiki-z1.a(slip.o)          obj_z1/slip-bridge.o (slip_process)
contiki-z1.a(slip_uart0.o)    obj_z1/slip-bridge.o (slip_arch_writeb)
contiki-z1.a(battery-sensor.)
                              obj_z1/res-battery.o (battery_sensor)
contiki-z1.a(sky-sensors.o)   contiki-z1.a(battery-sensor.) (sky_sensors_status)
contiki-z1.a(adxl345.o)       obj_z1/contiki-z1-main.o (accm_init)
contiki-z1.a(clock.o)         obj_z1/contiki-z1-main.o (clock_init)
contiki-z1.a(leds-arch.o)     contiki-z1.a(leds.o) (leds_arch_init)
contiki-z1.a(rtimer-arch.o)   obj_z1/contiki-z1-main.o (rtimer_arch_now)
contiki-z1.a(autostart.o)     obj_z1/contiki-z1-main.o (autostart_start)
contiki-z1.a(energest.o)      obj_z1/contiki-z1-main.o (energest_init)
contiki-z1.a(ctimer.o)        obj_z1/contiki-z1-main.o (ctimer_init)
contiki-z1.a(etimer.o)        contiki-z1.a(clock.o) (etimer_request_poll)
contiki-z1.a(process.o)       roteador.co (process_current)
contiki-z1.a(rtimer.o)        obj_z1/contiki-z1-main.o (rtimer_init)
contiki-z1.a(timer.o)         contiki-z1.a(button-sensor.o) (timer_set)
contiki-z1.a(list.o)          contiki-z1.a(rest-engine.o) (list_init)
contiki-z1.a(memb.o)          contiki-z1.a(er-coap-transac) (memb_alloc)
contiki-z1.a(random.o)        obj_z1/contiki-z1-main.o (random_init)
contiki-z1.a(uip-ds6.o)       obj_z1/contiki-z1-main.o (uip_ds6_get_link_local)
contiki-z1.a(uip-ds6-route.o)
                              contiki-z1.a(uip-ds6.o) (uip_ds6_route_init)
contiki-z1.a(uip6.o)          roteador.co (uip_aligned_buf)
contiki-z1.a(uip-ds6-nbr.o)   contiki-z1.a(uip-ds6.o) (uip_ds6_neighbors_init)
contiki-z1.a(uip-nd6.o)       contiki-z1.a(uip6.o) (uip_nd6_init)
contiki-z1.a(sicslowpan.o)    obj_z1/contiki-z1-main.o (sicslowpan_driver)
contiki-z1.a(uip-udp-packet.)
                              contiki-z1.a(er-coap.o) (uip_udp_packet_send)
contiki-z1.a(tcpip.o)         contiki-z1.a(sicslowpan.o) (tcpip_set_outputfunc)
contiki-z1.a(uip-debug.o)     obj_z1/slip-bridge.o (uip_debug_ipaddr_print)
contiki-z1.a(rpl-dag.o)       roteador.co (rpl_set_prefix)
contiki-z1.a(rpl-timers.o)    contiki-z1.a(rpl-dag.o) (rpl_reset_dio_timer)
contiki-z1.a(rpl-ext-header.)
                              contiki-z1.a(uip6.o) (rpl_verify_hbh_header)
contiki-z1.a(rpl.o)           contiki-z1.a(rpl-timers.o) (rpl_get_mode)
contiki-z1.a(rpl-mrhof.o)     contiki-z1.a(rpl-dag.o) (rpl_mrhof)
contiki-z1.a(rpl-icmp6.o)     contiki-z1.a(rpl-dag.o) (rpl_icmp6_update_nbr_table)
contiki-z1.a(queuebuf.o)      obj_z1/contiki-z1-main.o (queuebuf_init)
contiki-z1.a(nbr-table.o)     contiki-z1.a(uip-ds6-route.o) (nbr_table_register)
contiki-z1.a(packetbuf.o)     contiki-z1.a(cc2420.o) (packetbuf_set_datalen)
contiki-z1.a(linkaddr.o)      obj_z1/contiki-z1-main.o (linkaddr_copy)
contiki-z1.a(link-stats.o)    contiki-z1.a(rpl-dag.o) (link_stats_from_lladdr)
contiki-z1.a(nullmac.o)       roteador.co (nullmac_driver)
contiki-z1.a(framer-802154.o)
                              contiki-z1.a(sicslowpan.o) (framer_802154)
[...]
Memory Configuration

Name             Origin             Length             Attributes
sfr              0x0000000000000000 0x0000000000000010
peripheral_8bit  0x0000000000000010 0x00000000000000f0
peripheral_16bit 0x0000000000000100 0x0000000000000100
ram_mirror       0x0000000000000200 0x0000000000000800 xw
infomem          0x0000000000001000 0x0000000000000100
infod            0x0000000000001000 0x0000000000000040
infoc            0x0000000000001040 0x0000000000000040
infob            0x0000000000001080 0x0000000000000040
infoa            0x00000000000010c0 0x0000000000000040
ram              0x0000000000001100 0x0000000000002000 xw
rom              0x0000000000003100 0x000000000000cebe xr
vectors          0x000000000000ffc0 0x0000000000000040
far_rom          0x0000000000010000 0x000000000000a000
bsl              0x0000000000000000 0x0000000000000000
ram2             0x0000000000000000 0x0000000000000000 xw
usbram           0x0000000000000000 0x0000000000000000 xw
*default*        0x0000000000000000 0xffffffffffffffff

Linker script and memory map

LOAD /usr/lib/gcc/msp430/4.6.3/mcpu-430x/mmpy-16/crt0ivtbl32.o
                0x0000000000000041                __P1SEL2 = 0x41
                0x0000000000000045                __P5SEL2 = 0x45
LOAD roteador.co
LOAD obj_z1/slip-bridge.o
LOAD obj_z1/res-ledstatus.o
LOAD obj_z1/res-hello.o
LOAD obj_z1/res-toggle.o
LOAD obj_z1/res-temperature.o
LOAD obj_z1/res-sub.o
LOAD obj_z1/res-sht11.o
LOAD obj_z1/res-separate.o
LOAD obj_z1/res-radio.o
LOAD obj_z1/res-push.o
LOAD obj_z1/res-mirror.o
LOAD obj_z1/res-light.o
LOAD obj_z1/res-leds.o
LOAD obj_z1/res-event.o
LOAD obj_z1/res-chunks.o
LOAD obj_z1/res-battery.o
LOAD obj_z1/res-b1-sep-b2.o
LOAD obj_z1/contiki-z1-main.o
LOAD contiki-z1.a
LOAD /usr/lib/gcc/msp430/4.6.3/mcpu-430x/mmpy-16/libgcc.a
LOAD /usr/lib/gcc/msp430/4.6.3/../../../../msp430/lib/mcpu-430x/mmpy-16/libc.a
LOAD /usr/lib/gcc/msp430/4.6.3/mcpu-430x/mmpy-16/libgcc.a
LOAD /usr/lib/gcc/msp430/4.6.3/mcpu-430x/mmpy-16/libcrt0.a
                0x0000000000000040                PROVIDE (__info_segment_size, 0x40)
                0x0000000000001000                PROVIDE (__infod, 0x1000)
                0x0000000000001040                PROVIDE (__infoc, 0x1040)
                0x0000000000001080                PROVIDE (__infob, 0x1080)
                0x00000000000010c0                PROVIDE (__infoa, 0x10c0)
                0x0000000000000000                __IE1 = 0x0
                0x0000000000000002                __IFG1 = 0x2
                0x0000000000000001                __IE2 = 0x1
                0x0000000000000003                __IFG2 = 0x3
                0x0000000000000006                __UC1IE = 0x6
                0x0000000000000007                __UC1IFG = 0x7
                0x00000000000001a0                __ADC12CTL0 = 0x1a0
                0x00000000000001a2                __ADC12CTL1 = 0x1a2
                0x00000000000001a4                __ADC12IFG = 0x1a4
                0x00000000000001a6                __ADC12IE = 0x1a6
                0x00000000000001a8                __ADC12IV = 0x1a8
                0x0000000000000140                __ADC12MEM0 = 0x140
                0x0000000000000142                __ADC12MEM1 = 0x142
                0x0000000000000144                __ADC12MEM2 = 0x144
                0x0000000000000146                __ADC12MEM3 = 0x146
                0x0000000000000148                __ADC12MEM4 = 0x148
                0x000000000000014a                __ADC12MEM5 = 0x14a
                0x000000000000014c                __ADC12MEM6 = 0x14c
                0x000000000000014e                __ADC12MEM7 = 0x14e
                0x0000000000000150                __ADC12MEM8 = 0x150
                0x0000000000000152                __ADC12MEM9 = 0x152
                0x0000000000000154                __ADC12MEM10 = 0x154
                0x0000000000000156                __ADC12MEM11 = 0x156
                0x0000000000000158                __ADC12MEM12 = 0x158
                0x000000000000015a                __ADC12MEM13 = 0x15a
                0x000000000000015c                __ADC12MEM14 = 0x15c
                0x000000000000015e                __ADC12MEM15 = 0x15e
                0x0000000000000080                __ADC12MCTL0 = 0x80
                0x0000000000000081                __ADC12MCTL1 = 0x81
                0x0000000000000082                __ADC12MCTL2 = 0x82
                0x0000000000000083                __ADC12MCTL3 = 0x83
                0x0000000000000084                __ADC12MCTL4 = 0x84
                0x0000000000000085                __ADC12MCTL5 = 0x85
                0x0000000000000086                __ADC12MCTL6 = 0x86
                0x0000000000000087                __ADC12MCTL7 = 0x87
                0x0000000000000088                __ADC12MCTL8 = 0x88
                0x0000000000000089                __ADC12MCTL9 = 0x89
                0x000000000000008a                __ADC12MCTL10 = 0x8a
                0x000000000000008b                __ADC12MCTL11 = 0x8b
                0x000000000000008c                __ADC12MCTL12 = 0x8c
                0x000000000000008d                __ADC12MCTL13 = 0x8d
                0x000000000000008e                __ADC12MCTL14 = 0x8e
                0x000000000000008f                __ADC12MCTL15 = 0x8f
                0x0000000000000056                __DCOCTL = 0x56
                0x0000000000000057                __BCSCTL1 = 0x57
                0x0000000000000058                __BCSCTL2 = 0x58
                0x0000000000000053                __BCSCTL3 = 0x53
                0x0000000000000059                __CACTL1 = 0x59
                0x000000000000005a                __CACTL2 = 0x5a
                0x000000000000005b                __CAPD = 0x5b
                0x00000000000001c0                __DAC12_0CTL = 0x1c0
                0x00000000000001c2                __DAC12_1CTL = 0x1c2
                0x00000000000001c8                __DAC12_0DAT = 0x1c8
                0x00000000000001ca                __DAC12_1DAT = 0x1ca
                0x0000000000000122                __DMACTL0 = 0x122
                0x0000000000000124                __DMACTL1 = 0x124
                0x0000000000000126                __DMAIV = 0x126
                0x00000000000001d0                __DMA0CTL = 0x1d0
                0x00000000000001dc                __DMA1CTL = 0x1dc
                0x00000000000001e8                __DMA2CTL = 0x1e8
                0x00000000000001d2                __DMA0SA = 0x1d2
                0x00000000000001d2                __DMA0SAL = 0x1d2
                0x00000000000001d6                __DMA0DA = 0x1d6
                0x00000000000001d6                __DMA0DAL = 0x1d6
                0x00000000000001da                __DMA0SZ = 0x1da
                0x00000000000001de                __DMA1SA = 0x1de
                0x00000000000001de                __DMA1SAL = 0x1de
                0x00000000000001e2                __DMA1DA = 0x1e2
                0x00000000000001e2                __DMA1DAL = 0x1e2
                0x00000000000001e6                __DMA1SZ = 0x1e6
                0x00000000000001ea                __DMA2SA = 0x1ea
                0x00000000000001ea                __DMA2SAL = 0x1ea
                0x00000000000001ee                __DMA2DA = 0x1ee
                0x00000000000001ee                __DMA2DAL = 0x1ee
                0x00000000000001f2                __DMA2SZ = 0x1f2
                0x0000000000000128                __FCTL1 = 0x128
                0x000000000000012a                __FCTL2 = 0x12a
                0x000000000000012c                __FCTL3 = 0x12c
                0x00000000000001be                __FCTL4 = 0x1be
                0x0000000000000130                __MPY = 0x130
                0x0000000000000132                __MPYS = 0x132
                0x0000000000000134                __MAC = 0x134
                0x0000000000000136                __MACS = 0x136
                0x0000000000000138                __OP2 = 0x138
                0x000000000000013a                __RESLO = 0x13a
                0x000000000000013c                __RESHI = 0x13c
                0x000000000000013e                __SUMEXT = 0x13e
                0x0000000000000020                __P1IN = 0x20
                0x0000000000000021                __P1OUT = 0x21
                0x0000000000000022                __P1DIR = 0x22
                0x0000000000000023                __P1IFG = 0x23
                0x0000000000000024                __P1IES = 0x24
                0x0000000000000025                __P1IE = 0x25
                0x0000000000000026                __P1SEL = 0x26
                0x0000000000000027                __P1REN = 0x27
                0x0000000000000028                __P2IN = 0x28
                0x0000000000000029                __P2OUT = 0x29
                0x000000000000002a                __P2DIR = 0x2a
                0x000000000000002b                __P2IFG = 0x2b
                0x000000000000002c                __P2IES = 0x2c
                0x000000000000002d                __P2IE = 0x2d
                0x000000000000002e                __P2SEL = 0x2e
                0x000000000000002f                __P2REN = 0x2f
                0x0000000000000018                __P3IN = 0x18
                0x0000000000000019                __P3OUT = 0x19
                0x000000000000001a                __P3DIR = 0x1a
                0x000000000000001b                __P3SEL = 0x1b
                0x0000000000000010                __P3REN = 0x10
                0x000000000000001c                __P4IN = 0x1c
                0x000000000000001d                __P4OUT = 0x1d
                0x000000000000001e                __P4DIR = 0x1e
                0x000000000000001f                __P4SEL = 0x1f
                0x0000000000000011                __P4REN = 0x11
                0x0000000000000030                __P5IN = 0x30
                0x0000000000000031                __P5OUT = 0x31
                0x0000000000000032                __P5DIR = 0x32
                0x0000000000000033                __P5SEL = 0x33
                0x0000000000000012                __P5REN = 0x12
                0x0000000000000034                __P6IN = 0x34
                0x0000000000000035                __P6OUT = 0x35
                0x0000000000000036                __P6DIR = 0x36
                0x0000000000000037                __P6SEL = 0x37
                0x0000000000000013                __P6REN = 0x13
                0x0000000000000038                __P7IN = 0x38
                0x000000000000003a                __P7OUT = 0x3a
                0x000000000000003c                __P7DIR = 0x3c
                0x000000000000003e                __P7SEL = 0x3e
                0x0000000000000014                __P7REN = 0x14
                0x0000000000000039                __P8IN = 0x39
                0x000000000000003b                __P8OUT = 0x3b
                0x000000000000003d                __P8DIR = 0x3d
                0x000000000000003f                __P8SEL = 0x3f
                0x0000000000000015                __P8REN = 0x15
                0x0000000000000038                __PAIN = 0x38
                0x000000000000003a                __PAOUT = 0x3a
                0x000000000000003c                __PADIR = 0x3c
                0x000000000000003e                __PASEL = 0x3e
                0x0000000000000014                __PAREN = 0x14
                0x0000000000000055                __SVSCTL = 0x55
                0x000000000000012e                __TAIV = 0x12e
                0x0000000000000160                __TACTL = 0x160
                0x0000000000000162                __TACCTL0 = 0x162
                0x0000000000000164                __TACCTL1 = 0x164
                0x0000000000000166                __TACCTL2 = 0x166
                0x0000000000000170                __TAR = 0x170
                0x0000000000000172                __TACCR0 = 0x172
                0x0000000000000174                __TACCR1 = 0x174
                0x0000000000000176                __TACCR2 = 0x176
                0x000000000000011e                __TBIV = 0x11e
                0x0000000000000180                __TBCTL = 0x180
                0x0000000000000182                __TBCCTL0 = 0x182
                0x0000000000000184                __TBCCTL1 = 0x184
                0x0000000000000186                __TBCCTL2 = 0x186
                0x0000000000000188                __TBCCTL3 = 0x188
                0x000000000000018a                __TBCCTL4 = 0x18a
                0x000000000000018c                __TBCCTL5 = 0x18c
                0x000000000000018e                __TBCCTL6 = 0x18e
                0x0000000000000190                __TBR = 0x190
                0x0000000000000192                __TBCCR0 = 0x192
                0x0000000000000194                __TBCCR1 = 0x194
                0x0000000000000196                __TBCCR2 = 0x196
                0x0000000000000198                __TBCCR3 = 0x198
                0x000000000000019a                __TBCCR4 = 0x19a
                0x000000000000019c                __TBCCR5 = 0x19c
                0x000000000000019e                __TBCCR6 = 0x19e
                0x0000000000000060                __UCA0CTL0 = 0x60
                0x0000000000000061                __UCA0CTL1 = 0x61
                0x0000000000000062                __UCA0BR0 = 0x62
                0x0000000000000063                __UCA0BR1 = 0x63
                0x0000000000000064                __UCA0MCTL = 0x64
                0x0000000000000065                __UCA0STAT = 0x65
                0x0000000000000066                __UCA0RXBUF = 0x66
                0x0000000000000067                __UCA0TXBUF = 0x67
                0x000000000000005d                __UCA0ABCTL = 0x5d
                0x000000000000005e                __UCA0IRTCTL = 0x5e
                0x000000000000005f                __UCA0IRRCTL = 0x5f
                0x0000000000000068                __UCB0CTL0 = 0x68
                0x0000000000000069                __UCB0CTL1 = 0x69
                0x000000000000006a                __UCB0BR0 = 0x6a
                0x000000000000006b                __UCB0BR1 = 0x6b
                0x000000000000006c                __UCB0I2CIE = 0x6c
                0x000000000000006d                __UCB0STAT = 0x6d
                0x000000000000006e                __UCB0RXBUF = 0x6e
                0x000000000000006f                __UCB0TXBUF = 0x6f
                0x0000000000000118                __UCB0I2COA = 0x118
                0x000000000000011a                __UCB0I2CSA = 0x11a
                0x00000000000000d0                __UCA1CTL0 = 0xd0
                0x00000000000000d1                __UCA1CTL1 = 0xd1
                0x00000000000000d2                __UCA1BR0 = 0xd2
                0x00000000000000d3                __UCA1BR1 = 0xd3
                0x00000000000000d4                __UCA1MCTL = 0xd4
                0x00000000000000d5                __UCA1STAT = 0xd5
                0x00000000000000d6                __UCA1RXBUF = 0xd6
                0x00000000000000d7                __UCA1TXBUF = 0xd7
                0x00000000000000cd                __UCA1ABCTL = 0xcd
                0x00000000000000ce                __UCA1IRTCTL = 0xce
                0x00000000000000cf                __UCA1IRRCTL = 0xcf
                0x00000000000000d8                __UCB1CTL0 = 0xd8
                0x00000000000000d9                __UCB1CTL1 = 0xd9
                0x00000000000000da                __UCB1BR0 = 0xda
                0x00000000000000db                __UCB1BR1 = 0xdb
                0x00000000000000dc                __UCB1I2CIE = 0xdc
                0x00000000000000dd                __UCB1STAT = 0xdd
                0x00000000000000de                __UCB1RXBUF = 0xde
                0x00000000000000df                __UCB1TXBUF = 0xdf
                0x000000000000017c                __UCB1I2COA = 0x17c
                0x000000000000017e                __UCB1I2CSA = 0x17e
                0x0000000000000120                __WDTCTL = 0x120
                0x00000000000010c0                __TLV_CHECKSUM = 0x10c0
                0x00000000000010f6                __TLV_DCO_30_TAG = 0x10f6
                0x00000000000010f7                __TLV_DCO_30_LEN = 0x10f7
                0x00000000000010da                __TLV_ADC12_1_TAG = 0x10da
                0x00000000000010db                __TLV_ADC12_1_LEN = 0x10db
                0x00000000000010f8                __CALDCO_16MHZ = 0x10f8
                0x00000000000010f9                __CALBC1_16MHZ = 0x10f9
                0x00000000000010fa                __CALDCO_12MHZ = 0x10fa
                0x00000000000010fb                __CALBC1_12MHZ = 0x10fb
                0x00000000000010fc                __CALDCO_8MHZ = 0x10fc
                0x00000000000010fd                __CALBC1_8MHZ = 0x10fd
                0x00000000000010fe                __CALDCO_1MHZ = 0x10fe
                0x00000000000010ff                __CALBC1_1MHZ = 0x10ff

.hash
 *(.hash)

.dynsym
 *(.dynsym)

.dynstr
 *(.dynstr)

.gnu.version
 *(.gnu.version)

.gnu.version_d
 *(.gnu.version_d)

.gnu.version_r
 *(.gnu.version_r)

.rel.init
 *(.rel.init)

.rela.init
 *(.rela.init)

.rel.fini
 *(.rel.fini)

.rela.fini
 *(.rela.fini)

.rel.text
 *(.rel.text .rel.text.* .rel.gnu.linkonce.t.*)

.rela.text
 *(.rela.text .rela.text.* .rela.gnu.linkonce.t.*)

.rel.rodata
 *(.rel.rodata .rel.rodata.* .rel.gnu.linkonce.r.*)

.rela.rodata
 *(.rela.rodata .rela.rodata.* .rela.gnu.linkonce.r.*)

.rel.data
 *(.rel.data .rel.data.* .rel.gnu.linkonce.d.*)

.rela.data
 *(.rela.data .rela.data.* .rela.gnu.linkonce.d.*)

.rel.bss
 *(.rel.bss .rel.bss.* .rel.gnu.linkonce.b.*)

.rela.bss
 *(.rela.bss .rela.bss.* .rela.gnu.linkonce.b.*)

.rel.ctors
 *(.rel.ctors)

.rela.ctors
 *(.rela.ctors)

.rel.dtors
 *(.rel.dtors)

.rela.dtors
 *(.rela.dtors)

.rel.got
 *(.rel.got)

.rela.got
 *(.rela.got)

.rel.plt
 *(.rel.plt)

.rela.plt
 *(.rela.plt)

.text           0x0000000000003100     0x98be
                0x0000000000003100                . = ALIGN (0x2)
 *(.init .init.*)
 *(.init0)
 .init0         0x0000000000003100        0x0 /usr/lib/gcc/msp430/4.6.3/mcpu-430x/mmpy-16/libcrt0.a(_reset_vector__.o)
                0x0000000000003100                _reset_vector__
 *(.init1)
 .init1         0x0000000000003100        0xc /usr/lib/gcc/msp430/4.6.3/mcpu-430x/mmpy-16/libcrt0.a(__watchdog_support.o)
                0x0000000000003100                __watchdog_support
 *(.init2)
 .init2         0x000000000000310c        0x4 /usr/lib/gcc/msp430/4.6.3/mcpu-430x/mmpy-16/libcrt0.a(__init_stack.o)
                0x000000000000310c                __init_stack
 *(.init3)
 .init3         0x0000000000003110        0x0 /usr/lib/gcc/msp430/4.6.3/mcpu-430x/mmpy-16/libcrt0.a(__low_level_init.o)
                0x0000000000003110                __low_level_init
 *(.init4)
 .init4         0x0000000000003110       0x18 /usr/lib/gcc/msp430/4.6.3/mcpu-430x/mmpy-16/libcrt0.a(_copy_data.o)
                0x0000000000003110                __do_copy_data
 .init4         0x0000000000003128       0x16 /usr/lib/gcc/msp430/4.6.3/mcpu-430x/mmpy-16/libcrt0.a(_clear_bss.o)
                0x0000000000003128                __do_clear_bss
 *(.init5)
 *(.init6)
 *(.init7)
 *(.init8)
 *(.init9)
 .init9         0x000000000000313e      0x342 obj_z1/contiki-z1-main.o
                0x000000000000313e                main
 *(.fini9)
 .fini9         0x0000000000003480        0x0 /usr/lib/gcc/msp430/4.6.3/mcpu-430x/mmpy-16/libcrt0.a(__stop_progExec__.o)
                0x0000000000003480                __stop_progExec__
 *(.fini8)
 *(.fini7)
 *(.fini6)
 *(.fini5)
 *(.fini4)
 *(.fini3)
 *(.fini2)
 *(.fini1)
 *(.fini0)
 .fini0         0x0000000000003480        0x6 /usr/lib/gcc/msp430/4.6.3/mcpu-430x/mmpy-16/libcrt0.a(_endless_loop__.o)
                0x0000000000003480                _endless_loop__
 *(.fini .fini.*)
                0x0000000000003486                . = ALIGN (0x2)
                0x0000000000003486                __ctors_start = .
 *(.ctors)
                0x0000000000003486                __ctors_end = .
                0x0000000000003486                __dtors_start = .
 *(.dtors)
                0x0000000000003486                __dtors_end = .
                0x0000000000003486                . = ALIGN (0x2)
 *(.text .text.* .gnu.linkonce.t.*)
 .text          0x0000000000003486        0x4 /usr/lib/gcc/msp430/4.6.3/mcpu-430x/mmpy-16/crt0ivtbl32.o
                0x0000000000003486                __isr_14
                0x0000000000003486                __isr_4
                0x0000000000003486                __isr_29
                0x0000000000003486                __isr_11
                0x0000000000003486                __isr_5
                0x0000000000003486                __isr_2
                0x0000000000003486                __isr_10
                0x0000000000003486                __isr_7
                0x0000000000003486                __isr_0
                0x0000000000003486                __isr_28
                0x0000000000003486                __isr_8
                0x0000000000003486                __isr_20
                0x0000000000003486                __isr_3
                0x0000000000003486                __isr_12
                0x0000000000003486                __isr_13
                0x0000000000003486                __isr_27
                0x0000000000003486                __isr_9
                0x0000000000003486                __isr_30
                0x0000000000003486                __isr_6
                0x0000000000003486                __isr_22
                0x0000000000003486                __isr_1
                0x0000000000003486                __isr_15
                0x0000000000003486                __isr_21
 .text.request_prefix
                0x000000000000348a       0x22 roteador.co
                0x000000000000348a                request_prefix
 .text.process_thread_border_router_process
                0x00000000000034ac       0xba roteador.co
 .text.set_prefix_64
                0x0000000000003566       0x5e roteador.co
                0x0000000000003566                set_prefix_64
 .text.init     0x00000000000035c4       0x1e obj_z1/slip-bridge.o
 .text.slip_input_callback
                0x00000000000035e2       0xda obj_z1/slip-bridge.o
 .text.output   0x00000000000036bc       0x4a obj_z1/slip-bridge.o
 .text.putchar  0x0000000000003706       0x3c obj_z1/slip-bridge.o
                0x0000000000003706                putchar
 .text.init_platform
                0x0000000000003742        0xc contiki-z1.a(contiki-z1-plat)
                0x0000000000003742                init_platform
 .text.msp430_init_dco
                0x000000000000374e       0x28 contiki-z1.a(msp430.o)
                0x000000000000374e                msp430_init_dco
 .text.splhigh_
                0x0000000000003776        0x8 contiki-z1.a(msp430.o)
                0x0000000000003776                splhigh_
 .text.msp430_sync_dco
                0x000000000000377e       0x72 contiki-z1.a(msp430.o)
                0x000000000000377e                msp430_sync_dco
 .text.msp430_cpu_init
                0x00000000000037f0       0x2e contiki-z1.a(msp430.o)
                0x00000000000037f0                msp430_cpu_init
 .text.show_leds
                0x000000000000381e       0xee contiki-z1.a(leds.o)
 .text.leds_init
                0x000000000000390c        0xa contiki-z1.a(leds.o)
                0x000000000000390c                leds_init
 .text.leds_on  0x0000000000003916        0xa contiki-z1.a(leds.o)
                0x0000000000003916                leds_on
 .text.leds_off
                0x0000000000003920        0xe contiki-z1.a(leds.o)
                0x0000000000003920                leds_off
 .text.watchdog_interrupt
                0x000000000000392e        0x6 contiki-z1.a(watchdog.o)
                0x000000000000392e                __isr_26
                0x000000000000392e                watchdog_interrupt
 .text.watchdog_start
                0x0000000000003934       0x14 contiki-z1.a(watchdog.o)
                0x0000000000003934                watchdog_start
 .text.watchdog_periodic
                0x0000000000003948       0x12 contiki-z1.a(watchdog.o)
                0x0000000000003948                watchdog_periodic
 .text.watchdog_stop
                0x000000000000395a       0x16 contiki-z1.a(watchdog.o)
                0x000000000000395a                watchdog_stop
 .text.watchdog_init
                0x0000000000003970       0x14 contiki-z1.a(watchdog.o)
                0x0000000000003970                watchdog_init
 .text.wait_ready
                0x0000000000003984       0x4e contiki-z1.a(xmem.o)
 .text.xmem_init
                0x00000000000039d2       0x1e contiki-z1.a(xmem.o)
                0x00000000000039d2                xmem_init
 .text.xmem_pread
                0x00000000000039f0       0xd0 contiki-z1.a(xmem.o)
                0x00000000000039f0                xmem_pread
 .text.spi_init
                0x0000000000003ac0       0x38 contiki-z1.a(spi.o)
                0x0000000000003ac0                spi_init
 .text.get_object
                0x0000000000003af8        0x4 contiki-z1.a(cc2420.o)
 .text.set_object
                0x0000000000003afc        0x4 contiki-z1.a(cc2420.o)
 .text.strobe   0x0000000000003b00       0x20 contiki-z1.a(cc2420.o)
 .text.getreg   0x0000000000003b20       0x50 contiki-z1.a(cc2420.o)
 .text.setreg   0x0000000000003b70       0x52 contiki-z1.a(cc2420.o)
 .text.write_ram
                0x0000000000003bc2       0x7e contiki-z1.a(cc2420.o)
 .text.write_fifo_buf
                0x0000000000003c40       0x40 contiki-z1.a(cc2420.o)
 .text.get_status
                0x0000000000003c80       0x24 contiki-z1.a(cc2420.o)
 .text.set_txpower
                0x0000000000003ca4       0x26 contiki-z1.a(cc2420.o)
 .text.cc2420_receiving_packet
                0x0000000000003cca        0xe contiki-z1.a(cc2420.o)
 .text.pending_packet
                0x0000000000003cd8        0xe contiki-z1.a(cc2420.o)
 .text.on       0x0000000000003ce6       0x26 contiki-z1.a(cc2420.o)
 .text.wait_for_transmission
                0x0000000000003d0c       0x22 contiki-z1.a(cc2420.o)
 .text.wait_for_status
                0x0000000000003d2e       0x26 contiki-z1.a(cc2420.o)
 .text.getrxdata
                0x0000000000003d54       0x54 contiki-z1.a(cc2420.o)
 .text.flushrx  0x0000000000003da8       0x1a contiki-z1.a(cc2420.o)
 .text.off      0x0000000000003dc2       0x5e contiki-z1.a(cc2420.o)
 .text.RELEASE_LOCK
                0x0000000000003e20       0x28 contiki-z1.a(cc2420.o)
 .text.set_key  0x0000000000003e48       0x18 contiki-z1.a(cc2420.o)
 .text.set_frame_filtering
                0x0000000000003e60       0x30 contiki-z1.a(cc2420.o)
 .text.set_auto_ack
                0x0000000000003e90       0x30 contiki-z1.a(cc2420.o)
 .text.set_poll_mode
                0x0000000000003ec0       0x36 contiki-z1.a(cc2420.o)
 .text.cc2420_prepare
                0x0000000000003ef6       0x38 contiki-z1.a(cc2420.o)
 .text.cc2420_on
                0x0000000000003f2e       0x22 contiki-z1.a(cc2420.o)
                0x0000000000003f2e                cc2420_on
 .text.cc2420_off
                0x0000000000003f50       0x30 contiki-z1.a(cc2420.o)
                0x0000000000003f50                cc2420_off
 .text.cc2420_cca
                0x0000000000003f80       0x5a contiki-z1.a(cc2420.o)
 .text.cc2420_read
                0x0000000000003fda       0xbc contiki-z1.a(cc2420.o)
 .text.process_thread_cc2420_process
                0x0000000000004096       0x58 contiki-z1.a(cc2420.o)
 .text.encrypt  0x00000000000040ee       0x8c contiki-z1.a(cc2420.o)
 .text.cc2420_set_channel
                0x000000000000417a       0x3a contiki-z1.a(cc2420.o)
                0x000000000000417a                cc2420_set_channel
 .text.cc2420_set_pan_addr
                0x00000000000041b4       0x4c contiki-z1.a(cc2420.o)
                0x00000000000041b4                cc2420_set_pan_addr
 .text.cc2420_interrupt
                0x0000000000004200       0x18 contiki-z1.a(cc2420.o)
                0x0000000000004200                cc2420_interrupt
 .text.cc2420_set_txpower
                0x0000000000004218        0xe contiki-z1.a(cc2420.o)
                0x0000000000004218                cc2420_set_txpower
 .text.cc2420_get_txpower
                0x0000000000004226       0x1e contiki-z1.a(cc2420.o)
                0x0000000000004226                cc2420_get_txpower
 .text.cc2420_transmit
                0x0000000000004244      0x10c contiki-z1.a(cc2420.o)
 .text.cc2420_send
                0x0000000000004350       0x12 contiki-z1.a(cc2420.o)
 .text.cc2420_rssi
                0x0000000000004362       0x48 contiki-z1.a(cc2420.o)
                0x0000000000004362                cc2420_rssi
 .text.get_value
                0x00000000000043aa      0x102 contiki-z1.a(cc2420.o)
 .text.cc2420_set_cca_threshold
                0x00000000000044ac       0x16 contiki-z1.a(cc2420.o)
                0x00000000000044ac                cc2420_set_cca_threshold
 .text.set_value
                0x00000000000044c2       0xb4 contiki-z1.a(cc2420.o)
 .text.cc2420_init
                0x0000000000004576       0xf0 contiki-z1.a(cc2420.o)
                0x0000000000004576                cc2420_init
 .text.cc2420_arch_init
                0x0000000000004666       0x1a contiki-z1.a(cc2420-arch.o)
                0x0000000000004666                cc2420_arch_init
 .text.node_id_restore
                0x0000000000004680       0x4c contiki-z1.a(node-id.o)
                0x0000000000004680                node_id_restore
 .text.process_thread_sensors_process
                0x00000000000046cc       0xbe contiki-z1.a(sensors.o)
 .text.sensors_changed
                0x000000000000478a       0x2a contiki-z1.a(sensors.o)
                0x000000000000478a                sensors_changed
 .text.status   0x00000000000047b4       0x16 contiki-z1.a(button-sensor.o)
 .text.configure
                0x00000000000047ca       0x52 contiki-z1.a(button-sensor.o)
 .text.value    0x000000000000481c       0x22 contiki-z1.a(button-sensor.o)
 .text.irq_p2   0x000000000000483e       0x76 contiki-z1.a(button-sensor.o)
                0x000000000000483e                irq_p2
                0x000000000000483e                __isr_19
 .text.uart0_active
                0x00000000000048b4        0xe contiki-z1.a(uart0.o)
                0x00000000000048b4                uart0_active
 .text.uart0_set_input
                0x00000000000048c2        0x6 contiki-z1.a(uart0.o)
                0x00000000000048c2                uart0_set_input
 .text.uart0_writeb
                0x00000000000048c8       0x18 contiki-z1.a(uart0.o)
                0x00000000000048c8                uart0_writeb
 .text.uart0_init
                0x00000000000048e0       0x46 contiki-z1.a(uart0.o)
                0x00000000000048e0                uart0_init
 .text.uart0_rx_interrupt
                0x0000000000004926       0x66 contiki-z1.a(uart0.o)
                0x0000000000004926                __isr_23
                0x0000000000004926                uart0_rx_interrupt
 .text.rxbuf_init
                0x000000000000498c       0x12 contiki-z1.a(slip.o)
 .text.process_thread_slip_process
                0x000000000000499e      0x20a contiki-z1.a(slip.o)
 .text.slip_set_input_callback
                0x0000000000004ba8        0x6 contiki-z1.a(slip.o)
                0x0000000000004ba8                slip_set_input_callback
 .text.slip_send
                0x0000000000004bae       0x5a contiki-z1.a(slip.o)
                0x0000000000004bae                slip_send
 .text.slip_input_byte
                0x0000000000004c08       0xa4 contiki-z1.a(slip.o)
                0x0000000000004c08                slip_input_byte
 .text.slip_arch_writeb
                0x0000000000004cac        0x6 contiki-z1.a(slip_uart0.o)
                0x0000000000004cac                slip_arch_writeb
 .text.slip_arch_init
                0x0000000000004cb2        0xa contiki-z1.a(slip_uart0.o)
                0x0000000000004cb2                slip_arch_init
 .text.status   0x0000000000004cbc       0x12 contiki-z1.a(adxl345.o)
 .text.accm_write_reg
                0x0000000000004cce       0x2e contiki-z1.a(adxl345.o)
 .text.accm_write_stream
                0x0000000000004cfc       0x2a contiki-z1.a(adxl345.o)
 .text.accm_read_reg
                0x0000000000004d26       0x54 contiki-z1.a(adxl345.o)
 .text.process_thread_accmeter_process
                0x0000000000004d7a       0x56 contiki-z1.a(adxl345.o)
 .text.accm_read_axis
                0x0000000000004dd0       0x66 contiki-z1.a(adxl345.o)
                0x0000000000004dd0                accm_read_axis
 .text.value    0x0000000000004e36       0x20 contiki-z1.a(adxl345.o)
 .text.accm_init
                0x0000000000004e56       0x76 contiki-z1.a(adxl345.o)
                0x0000000000004e56                accm_init
 .text.accm_stop
                0x0000000000004ecc       0x32 contiki-z1.a(adxl345.o)
                0x0000000000004ecc                accm_stop
 .text.configure
                0x0000000000004efe       0x26 contiki-z1.a(adxl345.o)
 .text.port1_isr
                0x0000000000004f24       0xc4 contiki-z1.a(adxl345.o)
                0x0000000000004f24                port1_isr
                0x0000000000004f24                __isr_18
 .text.timera1  0x0000000000004fe8      0x10a contiki-z1.a(clock.o)
                0x0000000000004fe8                __isr_24
                0x0000000000004fe8                timera1
 .text.clock_time
                0x00000000000050f2       0x1a contiki-z1.a(clock.o)
                0x00000000000050f2                clock_time
 .text.clock_init
                0x000000000000510c       0x28 contiki-z1.a(clock.o)
                0x000000000000510c                clock_init
 .text.clock_delay
                0x0000000000005134        0xc contiki-z1.a(clock.o)
                0x0000000000005134                clock_delay
 .text.clock_wait
                0x0000000000005140       0x28 contiki-z1.a(clock.o)
                0x0000000000005140                clock_wait
 .text.clock_seconds
                0x0000000000005168       0x1a contiki-z1.a(clock.o)
                0x0000000000005168                clock_seconds
 .text.leds_arch_init
                0x0000000000005182        0xe contiki-z1.a(leds-arch.o)
                0x0000000000005182                leds_arch_init
 .text.leds_arch_set
                0x0000000000005190       0x3a contiki-z1.a(leds-arch.o)
                0x0000000000005190                leds_arch_set
 .text.rtimer_arch_init
                0x00000000000051ca        0xe contiki-z1.a(rtimer-arch.o)
                0x00000000000051ca                rtimer_arch_init
 .text.rtimer_arch_now
                0x00000000000051d8        0xe contiki-z1.a(rtimer-arch.o)
                0x00000000000051d8                rtimer_arch_now
 .text.timera0  0x00000000000051e6       0x5c contiki-z1.a(rtimer-arch.o)
                0x00000000000051e6                __isr_25
                0x00000000000051e6                timera0
 .text.rtimer_arch_schedule
                0x0000000000005242        0x6 contiki-z1.a(rtimer-arch.o)
                0x0000000000005242                rtimer_arch_schedule
 .text.autostart_start
                0x0000000000005248       0x16 contiki-z1.a(autostart.o)
                0x0000000000005248                autostart_start
 .text.energest_init
                0x000000000000525e       0x28 contiki-z1.a(energest.o)
                0x000000000000525e                energest_init
 .text.energest_type_time
                0x0000000000005286       0x3c contiki-z1.a(energest.o)
                0x0000000000005286                energest_type_time
 .text.energest_type_set
                0x00000000000052c2        0xc contiki-z1.a(energest.o)
                0x00000000000052c2                energest_type_set
 .text.energest_flush
                0x00000000000052ce       0x38 contiki-z1.a(energest.o)
                0x00000000000052ce                energest_flush
 .text.process_thread_ctimer_process
                0x0000000000005306       0x9c contiki-z1.a(ctimer.o)
 .text.ctimer_init
                0x00000000000053a2       0x18 contiki-z1.a(ctimer.o)
                0x00000000000053a2                ctimer_init
 .text.ctimer_set_with_process
                0x00000000000053ba       0x4e contiki-z1.a(ctimer.o)
                0x00000000000053ba                ctimer_set_with_process
 .text.ctimer_set
                0x0000000000005408       0x10 contiki-z1.a(ctimer.o)
                0x0000000000005408                ctimer_set
 .text.ctimer_reset
                0x0000000000005418       0x2c contiki-z1.a(ctimer.o)
                0x0000000000005418                ctimer_reset
 .text.ctimer_restart
                0x0000000000005444       0x2c contiki-z1.a(ctimer.o)
                0x0000000000005444                ctimer_restart
 .text.ctimer_stop
                0x0000000000005470       0x28 contiki-z1.a(ctimer.o)
                0x0000000000005470                ctimer_stop
 .text.update_time
                0x0000000000005498       0x70 contiki-z1.a(etimer.o)
 .text.etimer_request_poll
                0x0000000000005508        0xa contiki-z1.a(etimer.o)
                0x0000000000005508                etimer_request_poll
 .text.process_thread_etimer_process
                0x0000000000005512       0xc0 contiki-z1.a(etimer.o)
 .text.add_timer
                0x00000000000055d2       0x40 contiki-z1.a(etimer.o)
 .text.etimer_set
                0x0000000000005612       0x12 contiki-z1.a(etimer.o)
                0x0000000000005612                etimer_set
 .text.etimer_reset
                0x0000000000005624       0x12 contiki-z1.a(etimer.o)
                0x0000000000005624                etimer_reset
 .text.etimer_restart
                0x0000000000005636       0x12 contiki-z1.a(etimer.o)
                0x0000000000005636                etimer_restart
 .text.etimer_expired
                0x0000000000005648        0xe contiki-z1.a(etimer.o)
                0x0000000000005648                etimer_expired
 .text.etimer_expiration_time
                0x0000000000005656       0x14 contiki-z1.a(etimer.o)
                0x0000000000005656                etimer_expiration_time
 .text.etimer_pending
                0x000000000000566a        0xc contiki-z1.a(etimer.o)
                0x000000000000566a                etimer_pending
 .text.etimer_next_expiration_time
                0x0000000000005676       0x16 contiki-z1.a(etimer.o)
                0x0000000000005676                etimer_next_expiration_time
 .text.etimer_stop
                0x000000000000568c       0x3c contiki-z1.a(etimer.o)
                0x000000000000568c                etimer_stop
 .text.call_process
                0x00000000000056c8       0x46 contiki-z1.a(process.o)
 .text.exit_process
                0x000000000000570e       0x8a contiki-z1.a(process.o)
 .text.do_poll  0x0000000000005798       0x30 contiki-z1.a(process.o)
 .text.process_alloc_event
                0x00000000000057c8        0xe contiki-z1.a(process.o)
                0x00000000000057c8                process_alloc_event
 .text.process_init
                0x00000000000057d6       0x1c contiki-z1.a(process.o)
                0x00000000000057d6                process_init
 .text.process_run
                0x00000000000057f2       0x8c contiki-z1.a(process.o)
                0x00000000000057f2                process_run
 .text.process_nevents
                0x000000000000587e        0xe contiki-z1.a(process.o)
                0x000000000000587e                process_nevents
 .text.process_post
                0x000000000000588c       0x4a contiki-z1.a(process.o)
                0x000000000000588c                process_post
 .text.process_post_synch
                0x00000000000058d6       0x12 contiki-z1.a(process.o)
                0x00000000000058d6                process_post_synch
 .text.process_start
                0x00000000000058e8       0x32 contiki-z1.a(process.o)
                0x00000000000058e8                process_start
 .text.process_poll
                0x000000000000591a       0x18 contiki-z1.a(process.o)
                0x000000000000591a                process_poll
 .text.rtimer_init
                0x0000000000005932        0x6 contiki-z1.a(rtimer.o)
                0x0000000000005932                rtimer_init
 .text.rtimer_run_next
                0x0000000000005938       0x26 contiki-z1.a(rtimer.o)
                0x0000000000005938                rtimer_run_next
 .text.timer_set
                0x000000000000595e       0x1c contiki-z1.a(timer.o)
                0x000000000000595e                timer_set
 .text.timer_reset
                0x000000000000597a        0xe contiki-z1.a(timer.o)
                0x000000000000597a                timer_reset
 .text.timer_restart
                0x0000000000005988       0x14 contiki-z1.a(timer.o)
                0x0000000000005988                timer_restart
 .text.timer_expired
                0x000000000000599c       0x2a contiki-z1.a(timer.o)
                0x000000000000599c                timer_expired
 .text.list_init
                0x00000000000059c6        0x6 contiki-z1.a(list.o)
                0x00000000000059c6                list_init
 .text.list_head
                0x00000000000059cc        0x4 contiki-z1.a(list.o)
                0x00000000000059cc                list_head
 .text.list_tail
                0x00000000000059d0       0x12 contiki-z1.a(list.o)
                0x00000000000059d0                list_tail
 .text.list_remove
                0x00000000000059e2       0x34 contiki-z1.a(list.o)
                0x00000000000059e2                list_remove
 .text.list_push
                0x0000000000005a16       0x16 contiki-z1.a(list.o)
                0x0000000000005a16                list_push
 .text.list_add
                0x0000000000005a2c       0x26 contiki-z1.a(list.o)
                0x0000000000005a2c                list_add
 .text.list_length
                0x0000000000005a52       0x10 contiki-z1.a(list.o)
                0x0000000000005a52                list_length
 .text.list_item_next
                0x0000000000005a62        0xc contiki-z1.a(list.o)
                0x0000000000005a62                list_item_next
 .text.memb_init
                0x0000000000005a6e       0x36 contiki-z1.a(memb.o)
                0x0000000000005a6e                memb_init
 .text.memb_alloc
                0x0000000000005aa4       0x3e contiki-z1.a(memb.o)
                0x0000000000005aa4                memb_alloc
 .text.memb_free
                0x0000000000005ae2       0x3a contiki-z1.a(memb.o)
                0x0000000000005ae2                memb_free
 .text.memb_inmemb
                0x0000000000005b1c       0x2e contiki-z1.a(memb.o)
                0x0000000000005b1c                memb_inmemb
 .text.memb_numfree
                0x0000000000005b4a       0x26 contiki-z1.a(memb.o)
                0x0000000000005b4a                memb_numfree
 .text.random_init
                0x0000000000005b70        0x6 contiki-z1.a(random.o)
                0x0000000000005b70                random_init
 .text.random_rand
                0x0000000000005b76        0x6 contiki-z1.a(random.o)
                0x0000000000005b76                random_rand
 .text.uip_ds6_list_loop
                0x0000000000005b7c       0x66 contiki-z1.a(uip-ds6.o)
                0x0000000000005b7c                uip_ds6_list_loop
 .text.uip_ds6_prefix_add
                0x0000000000005be2       0x70 contiki-z1.a(uip-ds6.o)
                0x0000000000005be2                uip_ds6_prefix_add
 .text.uip_ds6_is_addr_onlink
                0x0000000000005c52       0x42 contiki-z1.a(uip-ds6.o)
                0x0000000000005c52                uip_ds6_is_addr_onlink
 .text.uip_ds6_addr_lookup
                0x0000000000005c94       0x2a contiki-z1.a(uip-ds6.o)
                0x0000000000005c94                uip_ds6_addr_lookup
 .text.uip_ds6_get_link_local
                0x0000000000005cbe       0x3e contiki-z1.a(uip-ds6.o)
                0x0000000000005cbe                uip_ds6_get_link_local
 .text.uip_ds6_maddr_add
                0x0000000000005cfc       0x48 contiki-z1.a(uip-ds6.o)
                0x0000000000005cfc                uip_ds6_maddr_add
 .text.uip_ds6_addr_add
                0x0000000000005d44       0xb4 contiki-z1.a(uip-ds6.o)
                0x0000000000005d44                uip_ds6_addr_add
 .text.uip_ds6_maddr_lookup
                0x0000000000005df8       0x2a contiki-z1.a(uip-ds6.o)
                0x0000000000005df8                uip_ds6_maddr_lookup
 .text.uip_ds6_addr_rm
                0x0000000000005e22       0x54 contiki-z1.a(uip-ds6.o)
                0x0000000000005e22                uip_ds6_addr_rm
 .text.uip_ds6_periodic
                0x0000000000005e76       0x46 contiki-z1.a(uip-ds6.o)
                0x0000000000005e76                uip_ds6_periodic
 .text.uip_ds6_set_addr_iid
                0x0000000000005ebc       0x14 contiki-z1.a(uip-ds6.o)
                0x0000000000005ebc                uip_ds6_set_addr_iid
 .text.get_match_length
                0x0000000000005ed0       0x3a contiki-z1.a(uip-ds6.o)
                0x0000000000005ed0                get_match_length
 .text.uip_ds6_select_src
                0x0000000000005f0a       0x9a contiki-z1.a(uip-ds6.o)
                0x0000000000005f0a                uip_ds6_select_src
 .text.uip_ds6_compute_reachable_time
                0x0000000000005fa4       0x36 contiki-z1.a(uip-ds6.o)
                0x0000000000005fa4                uip_ds6_compute_reachable_time
 .text.uip_ds6_init
                0x0000000000005fda      0x138 contiki-z1.a(uip-ds6.o)
                0x0000000000005fda                uip_ds6_init
 .text.call_route_callback
                0x0000000000006112       0x40 contiki-z1.a(uip-ds6-route.o)
 .text.uip_ds6_route_init
                0x0000000000006152       0x36 contiki-z1.a(uip-ds6-route.o)
                0x0000000000006152                uip_ds6_route_init
 .text.uip_ds6_route_nexthop
                0x0000000000006188       0x1a contiki-z1.a(uip-ds6-route.o)
                0x0000000000006188                uip_ds6_route_nexthop
 .text.uip_ds6_route_head
                0x00000000000061a2        0xa contiki-z1.a(uip-ds6-route.o)
                0x00000000000061a2                uip_ds6_route_head
 .text.uip_ds6_route_next
                0x00000000000061ac        0xe contiki-z1.a(uip-ds6-route.o)
                0x00000000000061ac                uip_ds6_route_next
 .text.uip_ds6_route_is_nexthop
                0x00000000000061ba       0x1e contiki-z1.a(uip-ds6-route.o)
                0x00000000000061ba                uip_ds6_route_is_nexthop
 .text.uip_ds6_route_lookup
                0x00000000000061d8       0x6e contiki-z1.a(uip-ds6-route.o)
                0x00000000000061d8                uip_ds6_route_lookup
 .text.uip_ds6_route_rm
                0x0000000000006246       0xa0 contiki-z1.a(uip-ds6-route.o)
                0x0000000000006246                uip_ds6_route_rm
 .text.rm_routelist
                0x00000000000062e6       0x34 contiki-z1.a(uip-ds6-route.o)
 .text.rm_routelist_callback
                0x000000000000631a        0x6 contiki-z1.a(uip-ds6-route.o)
 .text.uip_ds6_route_add
                0x0000000000006320       0xfc contiki-z1.a(uip-ds6-route.o)
                0x0000000000006320                uip_ds6_route_add
 .text.uip_ds6_defrt_rm
                0x000000000000641c       0x44 contiki-z1.a(uip-ds6-route.o)
                0x000000000000641c                uip_ds6_defrt_rm
 .text.uip_ds6_defrt_lookup
                0x0000000000006460       0x32 contiki-z1.a(uip-ds6-route.o)
                0x0000000000006460                uip_ds6_defrt_lookup
 .text.uip_ds6_defrt_add
                0x0000000000006492       0x68 contiki-z1.a(uip-ds6-route.o)
                0x0000000000006492                uip_ds6_defrt_add
 .text.uip_ds6_defrt_choose
                0x00000000000064fa       0x36 contiki-z1.a(uip-ds6-route.o)
                0x00000000000064fa                uip_ds6_defrt_choose
 .text.uip_ds6_defrt_periodic
                0x0000000000006530       0x38 contiki-z1.a(uip-ds6-route.o)
                0x0000000000006530                uip_ds6_defrt_periodic
 .text.chksum   0x0000000000006568       0x32 contiki-z1.a(uip6.o)
 .text.upper_layer_chksum
                0x000000000000659a       0x56 contiki-z1.a(uip6.o)
 .text.ext_hdr_options_process
                0x00000000000065f0       0xcc contiki-z1.a(uip6.o)
 .text.uip_icmp6chksum
                0x00000000000066bc        0xa contiki-z1.a(uip6.o)
                0x00000000000066bc                uip_icmp6chksum
 .text.uip_udpchksum
                0x00000000000066c6        0xa contiki-z1.a(uip6.o)
                0x00000000000066c6                uip_udpchksum
 .text.uip_init
                0x00000000000066d0       0x26 contiki-z1.a(uip6.o)
                0x00000000000066d0                uip_init
 .text.remove_ext_hdr
                0x00000000000066f6       0x52 contiki-z1.a(uip6.o)
                0x00000000000066f6                remove_ext_hdr
 .text.uip_process
                0x0000000000006748      0x498 contiki-z1.a(uip6.o)
                0x0000000000006748                uip_process
 .text.uip_htonl
                0x0000000000006be0       0x2a contiki-z1.a(uip6.o)
                0x0000000000006be0                uip_htonl
 .text.uip_ds6_nbr_rm
                0x0000000000006c0a       0x1e contiki-z1.a(uip-ds6-nbr.o)
                0x0000000000006c0a                uip_ds6_nbr_rm
 .text.uip_ds6_neighbors_init
                0x0000000000006c28       0x12 contiki-z1.a(uip-ds6-nbr.o)
                0x0000000000006c28                uip_ds6_neighbors_init
 .text.uip_ds6_nbr_add
                0x0000000000006c3a       0x36 contiki-z1.a(uip-ds6-nbr.o)
                0x0000000000006c3a                uip_ds6_nbr_add
 .text.uip_ds6_nbr_get_ll
                0x0000000000006c70        0xc contiki-z1.a(uip-ds6-nbr.o)
                0x0000000000006c70                uip_ds6_nbr_get_ll
 .text.uip_ds6_nbr_lookup
                0x0000000000006c7c       0x3e contiki-z1.a(uip-ds6-nbr.o)
                0x0000000000006c7c                uip_ds6_nbr_lookup
 .text.uip_ds6_nbr_ll_lookup
                0x0000000000006cba        0xc contiki-z1.a(uip-ds6-nbr.o)
                0x0000000000006cba                uip_ds6_nbr_ll_lookup
 .text.uip_ds6_nbr_ipaddr_from_lladdr
                0x0000000000006cc6        0x6 contiki-z1.a(uip-ds6-nbr.o)
                0x0000000000006cc6                uip_ds6_nbr_ipaddr_from_lladdr
 .text.uip_ds6_nbr_lladdr_from_ipaddr
                0x0000000000006ccc       0x12 contiki-z1.a(uip-ds6-nbr.o)
                0x0000000000006ccc                uip_ds6_nbr_lladdr_from_ipaddr
 .text.uip_ds6_link_neighbor_callback
                0x0000000000006cde       0x32 contiki-z1.a(uip-ds6-nbr.o)
                0x0000000000006cde                uip_ds6_link_neighbor_callback
 .text.uip_nd6_init
                0x0000000000006d10        0x2 contiki-z1.a(uip-nd6.o)
                0x0000000000006d10                uip_nd6_init
 .text.clear_fragments
                0x0000000000006d12       0x3a contiki-z1.a(sicslowpan.o)
 .text.set_packet_attrs
                0x0000000000006d4c       0x44 contiki-z1.a(sicslowpan.o)
 .text.addr_context_lookup_by_number
                0x0000000000006d90       0x34 contiki-z1.a(sicslowpan.o)
 .text.compress_addr_64
                0x0000000000006dc4       0xaa contiki-z1.a(sicslowpan.o)
 .text.store_fragment
                0x0000000000006e6e       0x6e contiki-z1.a(sicslowpan.o)
 .text.add_fragment
                0x0000000000006edc      0x162 contiki-z1.a(sicslowpan.o)
 .text.uncompress_addr
                0x000000000000703e       0x96 contiki-z1.a(sicslowpan.o)
 .text.input    0x00000000000070d4      0x61a contiki-z1.a(sicslowpan.o)
 .text.sicslowpan_init
                0x00000000000076ee       0x24 contiki-z1.a(sicslowpan.o)
                0x00000000000076ee                sicslowpan_init
 .text.addr_context_lookup_by_prefix
                0x0000000000007712       0x4a contiki-z1.a(sicslowpan.o)
 .text.send_packet
                0x000000000000775c       0x1a contiki-z1.a(sicslowpan.o)
 .text.output   0x0000000000007776      0x68e contiki-z1.a(sicslowpan.o)
 .text.packet_sent
                0x0000000000007e04       0x22 contiki-z1.a(sicslowpan.o)
 .text.tcpip_output
                0x0000000000007e26       0x10 contiki-z1.a(tcpip.o)
                0x0000000000007e26                tcpip_output
 .text.tcpip_set_outputfunc
                0x0000000000007e36        0x6 contiki-z1.a(tcpip.o)
                0x0000000000007e36                tcpip_set_outputfunc
 .text.tcpip_input
                0x0000000000007e3c       0x16 contiki-z1.a(tcpip.o)
                0x0000000000007e3c                tcpip_input
 .text.tcpip_ipv6_output
                0x0000000000007e52       0xf2 contiki-z1.a(tcpip.o)
                0x0000000000007e52                tcpip_ipv6_output
 .text.process_thread_tcpip_process
                0x0000000000007f44       0xd0 contiki-z1.a(tcpip.o)
 .text.tcpip_uipcall
                0x0000000000008014       0x2a contiki-z1.a(tcpip.o)
                0x0000000000008014                tcpip_uipcall
 .text.uip_debug_ipaddr_print
                0x000000000000803e       0xba contiki-z1.a(uip-debug.o)
                0x000000000000803e                uip_debug_ipaddr_print
 .text.lollipop_greater_than
                0x00000000000080f8       0x44 contiki-z1.a(rpl-dag.o)
 .text.acceptable_rank
                0x000000000000813c       0x44 contiki-z1.a(rpl-dag.o)
 .text.find_parent_any_dag_any_instance
                0x0000000000008180       0x14 contiki-z1.a(rpl-dag.o)
 .text.set_ip_from_prefix
                0x0000000000008194       0x30 contiki-z1.a(rpl-dag.o)
 .text.check_prefix
                0x00000000000081c4       0x70 contiki-z1.a(rpl-dag.o)
 .text.rpl_set_preferred_parent
                0x0000000000008234       0x2c contiki-z1.a(rpl-dag.o)
 .text.rpl_dag_init
                0x0000000000008260        0xe contiki-z1.a(rpl-dag.o)
                0x0000000000008260                rpl_dag_init
 .text.rpl_get_parent
                0x000000000000826e        0xc contiki-z1.a(rpl-dag.o)
                0x000000000000826e                rpl_get_parent
 .text.rpl_rank_via_parent
                0x000000000000827a       0x2e contiki-z1.a(rpl-dag.o)
                0x000000000000827a                rpl_rank_via_parent
 .text.rpl_get_parent_lladdr
                0x00000000000082a8        0xc contiki-z1.a(rpl-dag.o)
                0x00000000000082a8                rpl_get_parent_lladdr
 .text.rpl_get_parent_ipaddr
                0x00000000000082b4        0xa contiki-z1.a(rpl-dag.o)
                0x00000000000082b4                rpl_get_parent_ipaddr
 .text.rpl_get_parent_link_stats
                0x00000000000082be        0xa contiki-z1.a(rpl-dag.o)
                0x00000000000082be                rpl_get_parent_link_stats
 .text.rpl_parent_is_fresh
                0x00000000000082c8        0xa contiki-z1.a(rpl-dag.o)
                0x00000000000082c8                rpl_parent_is_fresh
 .text.best_parent
                0x00000000000082d2       0x64 contiki-z1.a(rpl-dag.o)
 .text.rpl_parent_is_reachable
                0x0000000000008336       0x46 contiki-z1.a(rpl-dag.o)
                0x0000000000008336                rpl_parent_is_reachable
 .text.rpl_set_prefix
                0x000000000000837c       0x74 contiki-z1.a(rpl-dag.o)
                0x000000000000837c                rpl_set_prefix
 .text.rpl_set_default_route
                0x00000000000083f0       0x46 contiki-z1.a(rpl-dag.o)
                0x00000000000083f0                rpl_set_default_route
 .text.rpl_alloc_instance
                0x0000000000008436       0x34 contiki-z1.a(rpl-dag.o)
                0x0000000000008436                rpl_alloc_instance
 .text.rpl_add_parent
                0x000000000000846a       0x3a contiki-z1.a(rpl-dag.o)
                0x000000000000846a                rpl_add_parent
 .text.rpl_find_parent
                0x00000000000084a4       0x18 contiki-z1.a(rpl-dag.o)
                0x00000000000084a4                rpl_find_parent
 .text.rpl_find_parent_any_dag
                0x00000000000084bc       0x20 contiki-z1.a(rpl-dag.o)
                0x00000000000084bc                rpl_find_parent_any_dag
 .text.rpl_select_parent
                0x00000000000084dc       0x62 contiki-z1.a(rpl-dag.o)
                0x00000000000084dc                rpl_select_parent
 .text.rpl_select_dag
                0x000000000000853e      0x16e contiki-z1.a(rpl-dag.o)
                0x000000000000853e                rpl_select_dag
 .text.rpl_nullify_parent
                0x00000000000086ac       0x5c contiki-z1.a(rpl-dag.o)
                0x00000000000086ac                rpl_nullify_parent
 .text.rpl_remove_parent
                0x0000000000008708       0x16 contiki-z1.a(rpl-dag.o)
                0x0000000000008708                rpl_remove_parent
 .text.nbr_callback
                0x000000000000871e        0x6 contiki-z1.a(rpl-dag.o)
 .text.remove_parents.constprop.3
                0x0000000000008724       0x2c contiki-z1.a(rpl-dag.o)
 .text.rpl_free_dag
                0x0000000000008750       0x44 contiki-z1.a(rpl-dag.o)
                0x0000000000008750                rpl_free_dag
 .text.rpl_move_parent
                0x0000000000008794       0x60 contiki-z1.a(rpl-dag.o)
                0x0000000000008794                rpl_move_parent
 .text.rpl_get_any_dag
                0x00000000000087f4       0x18 contiki-z1.a(rpl-dag.o)
                0x00000000000087f4                rpl_get_any_dag
 .text.rpl_get_instance
                0x000000000000880c       0x1a contiki-z1.a(rpl-dag.o)
                0x000000000000880c                rpl_get_instance
 .text.rpl_alloc_dag
                0x0000000000008826       0x5c contiki-z1.a(rpl-dag.o)
                0x0000000000008826                rpl_alloc_dag
 .text.rpl_repair_root
                0x0000000000008882       0x50 contiki-z1.a(rpl-dag.o)
                0x0000000000008882                rpl_repair_root
 .text.rpl_find_of
                0x00000000000088d2       0x10 contiki-z1.a(rpl-dag.o)
                0x00000000000088d2                rpl_find_of
 .text.rpl_set_root
                0x00000000000088e2      0x122 contiki-z1.a(rpl-dag.o)
                0x00000000000088e2                rpl_set_root
 .text.rpl_join_instance
                0x0000000000008a04      0x144 contiki-z1.a(rpl-dag.o)
                0x0000000000008a04                rpl_join_instance
 .text.rpl_local_repair
                0x0000000000008b48       0x60 contiki-z1.a(rpl-dag.o)
                0x0000000000008b48                rpl_local_repair
 .text.rpl_process_parent_event
                0x0000000000008ba8       0x82 contiki-z1.a(rpl-dag.o)
                0x0000000000008ba8                rpl_process_parent_event
 .text.rpl_recalculate_ranks
                0x0000000000008c2a       0x46 contiki-z1.a(rpl-dag.o)
                0x0000000000008c2a                rpl_recalculate_ranks
 .text.rpl_process_dio
                0x0000000000008c70      0x2de contiki-z1.a(rpl-dag.o)
                0x0000000000008c70                rpl_process_dio
 .text.handle_unicast_dio_timer
                0x0000000000008f4e       0x1c contiki-z1.a(rpl-timers.o)
 .text.new_dio_interval
                0x0000000000008f6a       0x8a contiki-z1.a(rpl-timers.o)
 .text.handle_periodic_timer
                0x0000000000008ff4       0x50 contiki-z1.a(rpl-timers.o)
 .text.set_dao_lifetime_timer
                0x0000000000009044       0x70 contiki-z1.a(rpl-timers.o)
 .text.schedule_dao
                0x00000000000090b4       0x72 contiki-z1.a(rpl-timers.o)
 .text.handle_dio_timer
                0x0000000000009126       0x88 contiki-z1.a(rpl-timers.o)
 .text.handle_dao_timer
                0x00000000000091ae       0x64 contiki-z1.a(rpl-timers.o)
 .text.rpl_reset_periodic_timer
                0x0000000000009212       0x5c contiki-z1.a(rpl-timers.o)
                0x0000000000009212                rpl_reset_periodic_timer
 .text.rpl_reset_dio_timer
                0x000000000000926e       0x18 contiki-z1.a(rpl-timers.o)
                0x000000000000926e                rpl_reset_dio_timer
 .text.rpl_schedule_dao
                0x0000000000009286        0xc contiki-z1.a(rpl-timers.o)
                0x0000000000009286                rpl_schedule_dao
 .text.rpl_schedule_unicast_dio_immediately
                0x0000000000009292       0x16 contiki-z1.a(rpl-timers.o)
                0x0000000000009292                rpl_schedule_unicast_dio_immediately
 .text.get_probing_delay
                0x00000000000092a8       0x40 contiki-z1.a(rpl-timers.o)
                0x00000000000092a8                get_probing_delay
 .text.get_probing_target
                0x00000000000092e8       0xe2 contiki-z1.a(rpl-timers.o)
                0x00000000000092e8                get_probing_target
 .text.rpl_schedule_probing
                0x00000000000093ca       0x26 contiki-z1.a(rpl-timers.o)
                0x00000000000093ca                rpl_schedule_probing
 .text.handle_probing_timer
                0x00000000000093f0       0x34 contiki-z1.a(rpl-timers.o)
 .text.update_hbh_header
                0x0000000000009424       0xcc contiki-z1.a(rpl-ext-header.)
 .text.insert_hbh_header
                0x00000000000094f0       0x94 contiki-z1.a(rpl-ext-header.)
 .text.rpl_verify_hbh_header
                0x0000000000009584       0xf8 contiki-z1.a(rpl-ext-header.)
                0x0000000000009584                rpl_verify_hbh_header
 .text.rpl_remove_header
                0x000000000000967c       0x76 contiki-z1.a(rpl-ext-header.)
                0x000000000000967c                rpl_remove_header
 .text.rpl_update_header
                0x00000000000096f2       0x58 contiki-z1.a(rpl-ext-header.)
                0x00000000000096f2                rpl_update_header
 .text.rpl_get_mode
                0x000000000000974a        0x6 contiki-z1.a(rpl.o)
                0x000000000000974a                rpl_get_mode
 .text.rpl_purge_routes
                0x0000000000009750       0x96 contiki-z1.a(rpl.o)
                0x0000000000009750                rpl_purge_routes
 .text.rpl_remove_routes
                0x00000000000097e6       0x22 contiki-z1.a(rpl.o)
                0x00000000000097e6                rpl_remove_routes
 .text.rpl_remove_routes_by_nexthop
                0x0000000000009808       0x3e contiki-z1.a(rpl.o)
                0x0000000000009808                rpl_remove_routes_by_nexthop
 .text.rpl_add_route
                0x0000000000009846       0x42 contiki-z1.a(rpl.o)
                0x0000000000009846                rpl_add_route
 .text.rpl_link_neighbor_callback
                0x0000000000009888       0x4c contiki-z1.a(rpl.o)
                0x0000000000009888                rpl_link_neighbor_callback
 .text.rpl_ipv6_neighbor_callback
                0x00000000000098d4       0x1e contiki-z1.a(rpl.o)
                0x00000000000098d4                rpl_ipv6_neighbor_callback
 .text.rpl_purge_dags
                0x00000000000098f2       0x3e contiki-z1.a(rpl.o)
                0x00000000000098f2                rpl_purge_dags
 .text.rpl_init
                0x0000000000009930       0x44 contiki-z1.a(rpl.o)
                0x0000000000009930                rpl_init
 .text.reset    0x0000000000009974        0x2 contiki-z1.a(rpl-mrhof.o)
 .text.update_metric_container
                0x0000000000009976        0x6 contiki-z1.a(rpl-mrhof.o)
 .text.parent_link_metric
                0x000000000000997c       0x10 contiki-z1.a(rpl-mrhof.o)
 .text.parent_has_usable_link
                0x000000000000998c       0x14 contiki-z1.a(rpl-mrhof.o)
 .text.best_dag
                0x00000000000099a0       0x34 contiki-z1.a(rpl-mrhof.o)
 .text.parent_path_cost
                0x00000000000099d4       0x40 contiki-z1.a(rpl-mrhof.o)
 .text.parent_is_acceptable
                0x0000000000009a14       0x26 contiki-z1.a(rpl-mrhof.o)
 .text.best_parent
                0x0000000000009a3a       0x7c contiki-z1.a(rpl-mrhof.o)
 .text.rank_via_parent
                0x0000000000009ab6       0x4e contiki-z1.a(rpl-mrhof.o)
 .text.prepare_for_dao_fwd
                0x0000000000009b04       0x28 contiki-z1.a(rpl-icmp6.o)
 .text.get32    0x0000000000009b2c       0x3e contiki-z1.a(rpl-icmp6.o)
 .text.set32    0x0000000000009b6a       0x2a contiki-z1.a(rpl-icmp6.o)
 .text.get16    0x0000000000009b94        0xe contiki-z1.a(rpl-icmp6.o)
 .text.set16    0x0000000000009ba2       0x10 contiki-z1.a(rpl-icmp6.o)
 .text.dao_ack_input
                0x0000000000009bb2        0xa contiki-z1.a(rpl-icmp6.o)
 .text.dio_input
                0x0000000000009bbc      0x282 contiki-z1.a(rpl-icmp6.o)
 .text.rpl_icmp6_update_nbr_table
                0x0000000000009e3e       0x28 contiki-z1.a(rpl-icmp6.o)
                0x0000000000009e3e                rpl_icmp6_update_nbr_table
 .text.dao_input
                0x0000000000009e66      0x262 contiki-z1.a(rpl-icmp6.o)
 .text.dis_output
                0x000000000000a0c8       0x50 contiki-z1.a(rpl-icmp6.o)
                0x000000000000a0c8                dis_output
 .text.dio_output
                0x000000000000a118      0x24c contiki-z1.a(rpl-icmp6.o)
                0x000000000000a118                dio_output
 .text.dis_input
                0x000000000000a364       0x3e contiki-z1.a(rpl-icmp6.o)
 .text.dao_output_target
                0x000000000000a3a2       0xe6 contiki-z1.a(rpl-icmp6.o)
                0x000000000000a3a2                dao_output_target
 .text.dao_output
                0x000000000000a488       0xa0 contiki-z1.a(rpl-icmp6.o)
                0x000000000000a488                dao_output
 .text.rpl_icmp6_register_handlers
                0x000000000000a528       0x22 contiki-z1.a(rpl-icmp6.o)
                0x000000000000a528                rpl_icmp6_register_handlers
 .text.queuebuf_init
                0x000000000000a54a       0x12 contiki-z1.a(queuebuf.o)
                0x000000000000a54a                queuebuf_init
 .text.queuebuf_numfree
                0x000000000000a55c        0xa contiki-z1.a(queuebuf.o)
                0x000000000000a55c                queuebuf_numfree
 .text.queuebuf_new_from_packetbuf
                0x000000000000a566       0x4e contiki-z1.a(queuebuf.o)
                0x000000000000a566                queuebuf_new_from_packetbuf
 .text.queuebuf_free
                0x000000000000a5b4       0x2a contiki-z1.a(queuebuf.o)
                0x000000000000a5b4                queuebuf_free
 .text.queuebuf_to_packetbuf
                0x000000000000a5de       0x32 contiki-z1.a(queuebuf.o)
                0x000000000000a5de                queuebuf_to_packetbuf
 .text.index_from_key
                0x000000000000a610       0x44 contiki-z1.a(nbr-table.o)
 .text.item_from_key
                0x000000000000a654       0x34 contiki-z1.a(nbr-table.o)
 .text.nbr_set_bit
                0x000000000000a688       0x76 contiki-z1.a(nbr-table.o)
 .text.index_from_lladdr
                0x000000000000a6fe       0x3e contiki-z1.a(nbr-table.o)
 .text.nbr_get_bit.constprop.0
                0x000000000000a73c       0x5a contiki-z1.a(nbr-table.o)
 .text.remove_key
                0x000000000000a796       0x50 contiki-z1.a(nbr-table.o)
 .text.nbr_table_register
                0x000000000000a7e6       0x26 contiki-z1.a(nbr-table.o)
                0x000000000000a7e6                nbr_table_register
 .text.nbr_table_next
                0x000000000000a80c       0x78 contiki-z1.a(nbr-table.o)
                0x000000000000a80c                nbr_table_next
 .text.nbr_table_head
                0x000000000000a884       0x32 contiki-z1.a(nbr-table.o)
                0x000000000000a884                nbr_table_head
 .text.nbr_table_add_lladdr
                0x000000000000a8b6      0x120 contiki-z1.a(nbr-table.o)
                0x000000000000a8b6                nbr_table_add_lladdr
 .text.nbr_table_get_from_lladdr
                0x000000000000a9d6       0x44 contiki-z1.a(nbr-table.o)
                0x000000000000a9d6                nbr_table_get_from_lladdr
 .text.nbr_table_remove
                0x000000000000aa1a       0x2a contiki-z1.a(nbr-table.o)
                0x000000000000aa1a                nbr_table_remove
 .text.nbr_table_lock
                0x000000000000aa44       0x10 contiki-z1.a(nbr-table.o)
                0x000000000000aa44                nbr_table_lock
 .text.nbr_table_unlock
                0x000000000000aa54       0x10 contiki-z1.a(nbr-table.o)
                0x000000000000aa54                nbr_table_unlock
 .text.nbr_table_get_lladdr
                0x000000000000aa64       0x54 contiki-z1.a(nbr-table.o)
                0x000000000000aa64                nbr_table_get_lladdr
 .text.packetbuf_hdrreduce
                0x000000000000aab8       0x1a contiki-z1.a(packetbuf.o)
                0x000000000000aab8                packetbuf_hdrreduce
 .text.packetbuf_set_datalen
                0x000000000000aad2        0x6 contiki-z1.a(packetbuf.o)
                0x000000000000aad2                packetbuf_set_datalen
 .text.packetbuf_hdrptr
                0x000000000000aad8        0x6 contiki-z1.a(packetbuf.o)
                0x000000000000aad8                packetbuf_hdrptr
 .text.packetbuf_datalen
                0x000000000000aade        0x6 contiki-z1.a(packetbuf.o)
                0x000000000000aade                packetbuf_datalen
 .text.packetbuf_hdrlen
                0x000000000000aae4        0xa contiki-z1.a(packetbuf.o)
                0x000000000000aae4                packetbuf_hdrlen
 .text.packetbuf_dataptr
                0x000000000000aaee        0xc contiki-z1.a(packetbuf.o)
                0x000000000000aaee                packetbuf_dataptr
 .text.packetbuf_copyto
                0x000000000000aafa       0x3a contiki-z1.a(packetbuf.o)
                0x000000000000aafa                packetbuf_copyto
 .text.packetbuf_totlen
                0x000000000000ab34        0xc contiki-z1.a(packetbuf.o)
                0x000000000000ab34                packetbuf_totlen
 .text.packetbuf_hdralloc
                0x000000000000ab40       0x3a contiki-z1.a(packetbuf.o)
                0x000000000000ab40                packetbuf_hdralloc
 .text.packetbuf_attr_clear
                0x000000000000ab7a       0x28 contiki-z1.a(packetbuf.o)
                0x000000000000ab7a                packetbuf_attr_clear
 .text.packetbuf_clear
                0x000000000000aba2       0x12 contiki-z1.a(packetbuf.o)
                0x000000000000aba2                packetbuf_clear
 .text.packetbuf_copyfrom
                0x000000000000abb4       0x2a contiki-z1.a(packetbuf.o)
                0x000000000000abb4                packetbuf_copyfrom
 .text.packetbuf_attr_copyto
                0x000000000000abde       0x22 contiki-z1.a(packetbuf.o)
                0x000000000000abde                packetbuf_attr_copyto
 .text.packetbuf_attr_copyfrom
                0x000000000000ac00       0x24 contiki-z1.a(packetbuf.o)
                0x000000000000ac00                packetbuf_attr_copyfrom
 .text.packetbuf_holds_broadcast
                0x000000000000ac24        0xe contiki-z1.a(packetbuf.o)
                0x000000000000ac24                packetbuf_holds_broadcast
 .text.linkaddr_copy
                0x000000000000ac32        0x8 contiki-z1.a(linkaddr.o)
                0x000000000000ac32                linkaddr_copy
 .text.linkaddr_cmp
                0x000000000000ac3a       0x12 contiki-z1.a(linkaddr.o)
                0x000000000000ac3a                linkaddr_cmp
 .text.linkaddr_set_node_addr
                0x000000000000ac4c        0xc contiki-z1.a(linkaddr.o)
                0x000000000000ac4c                linkaddr_set_node_addr
 .text.periodic
                0x000000000000ac58       0x2c contiki-z1.a(link-stats.o)
 .text.link_stats_from_lladdr
                0x000000000000ac84        0xc contiki-z1.a(link-stats.o)
                0x000000000000ac84                link_stats_from_lladdr
 .text.link_stats_is_fresh
                0x000000000000ac90       0x30 contiki-z1.a(link-stats.o)
                0x000000000000ac90                link_stats_is_fresh
 .text.link_stats_packet_sent
                0x000000000000acc0       0xc0 contiki-z1.a(link-stats.o)
                0x000000000000acc0                link_stats_packet_sent
 .text.link_stats_input_callback
                0x000000000000ad80       0xac contiki-z1.a(link-stats.o)
                0x000000000000ad80                link_stats_input_callback
 .text.link_stats_init
                0x000000000000ae2c       0x22 contiki-z1.a(link-stats.o)
                0x000000000000ae2c                link_stats_init
 .text.send_packet
                0x000000000000ae4e        0x6 contiki-z1.a(nullmac.o)
 .text.packet_input
                0x000000000000ae54        0x6 contiki-z1.a(nullmac.o)
 .text.on       0x000000000000ae5a        0x6 contiki-z1.a(nullmac.o)
 .text.off      0x000000000000ae60        0x6 contiki-z1.a(nullmac.o)
 .text.channel_check_interval
                0x000000000000ae66        0x4 contiki-z1.a(nullmac.o)
 .text.init     0x000000000000ae6a        0x2 contiki-z1.a(nullmac.o)
 .text.parse    0x000000000000ae6c       0xa2 contiki-z1.a(framer-802154.o)
 .text.create_frame.isra.0
                0x000000000000af0e      0x114 contiki-z1.a(framer-802154.o)
 .text.create   0x000000000000b022        0x8 contiki-z1.a(framer-802154.o)
 .text.hdr_length
                0x000000000000b02a        0x8 contiki-z1.a(framer-802154.o)
 .text.frame802154_get_pan_id
                0x000000000000b032        0x6 contiki-z1.a(frame802154.o)
                0x000000000000b032                frame802154_get_pan_id
 .text.frame802154_has_panid
                0x000000000000b038       0x7a contiki-z1.a(frame802154.o)
                0x000000000000b038                frame802154_has_panid
 .text.field_len
                0x000000000000b0b2       0xae contiki-z1.a(frame802154.o)
 .text.frame802154_is_broadcast_addr
                0x000000000000b160       0x24 contiki-z1.a(frame802154.o)
                0x000000000000b160                frame802154_is_broadcast_addr
 .text.frame802154_hdrlen
                0x000000000000b184       0x32 contiki-z1.a(frame802154.o)
                0x000000000000b184                frame802154_hdrlen
 .text.frame802154_create
                0x000000000000b1b6      0x136 contiki-z1.a(frame802154.o)
                0x000000000000b1b6                frame802154_create
 .text.frame802154_parse
                0x000000000000b2ec      0x1d4 contiki-z1.a(frame802154.o)
                0x000000000000b2ec                frame802154_parse
 .text.on       0x000000000000b4c0        0x6 contiki-z1.a(nullrdc.o)
 .text.channel_check_interval
                0x000000000000b4c6        0x4 contiki-z1.a(nullrdc.o)
 .text.init     0x000000000000b4ca        0x6 contiki-z1.a(nullrdc.o)
 .text.send_one_packet
                0x000000000000b4d0       0x62 contiki-z1.a(nullrdc.o)
 .text.send_list
                0x000000000000b532       0x28 contiki-z1.a(nullrdc.o)
 .text.send_packet
                0x000000000000b55a        0x6 contiki-z1.a(nullrdc.o)
 .text.off      0x000000000000b560       0x10 contiki-z1.a(nullrdc.o)
 .text.packet_input
                0x000000000000b570       0x26 contiki-z1.a(nullrdc.o)
 .text.init     0x000000000000b596        0x2 contiki-z1.a(nullsec.o)
 .text.send     0x000000000000b598        0xa contiki-z1.a(nullsec.o)
 .text.input    0x000000000000b5a2        0x6 contiki-z1.a(nullsec.o)
 .text.i2c_receiveinit
                0x000000000000b5a8       0x38 contiki-z1.a(i2cmaster.o)
                0x000000000000b5a8                i2c_receiveinit
 .text.i2c_transmitinit
                0x000000000000b5e0       0x32 contiki-z1.a(i2cmaster.o)
                0x000000000000b5e0                i2c_transmitinit
 .text.i2c_receive_n
                0x000000000000b612       0x44 contiki-z1.a(i2cmaster.o)
                0x000000000000b612                i2c_receive_n
 .text.i2c_busy
                0x000000000000b656        0xa contiki-z1.a(i2cmaster.o)
                0x000000000000b656                i2c_busy
 .text.i2c_enable
                0x000000000000b660       0x24 contiki-z1.a(i2cmaster.o)
                0x000000000000b660                i2c_enable
 .text.i2c_transmit_n
                0x000000000000b684       0x14 contiki-z1.a(i2cmaster.o)
                0x000000000000b684                i2c_transmit_n
 .text.i2c_tx_interrupt
                0x000000000000b698       0x8a contiki-z1.a(i2cmaster.o)
                0x000000000000b698                __isr_16
                0x000000000000b698                i2c_tx_interrupt
 .text.i2c_rx_interrupt
                0x000000000000b722       0x18 contiki-z1.a(i2cmaster.o)
                0x000000000000b722                i2c_rx_interrupt
                0x000000000000b722                __isr_17
 .text.stimer_set
                0x000000000000b73a       0x1c contiki-z1.a(stimer.o)
                0x000000000000b73a                stimer_set
 .text.stimer_expired
                0x000000000000b756       0x30 contiki-z1.a(stimer.o)
                0x000000000000b756                stimer_expired
 .text.echo_reply_input
                0x000000000000b786       0xaa contiki-z1.a(uip-icmp6.o)
 .text.echo_request_input
                0x000000000000b830       0xca contiki-z1.a(uip-icmp6.o)
 .text.uip_icmp6_input
                0x000000000000b8fa       0x40 contiki-z1.a(uip-icmp6.o)
                0x000000000000b8fa                uip_icmp6_input
 .text.uip_icmp6_register_input_handler
                0x000000000000b93a        0xc contiki-z1.a(uip-icmp6.o)
                0x000000000000b93a                uip_icmp6_register_input_handler
 .text.uip_icmp6_error_output
                0x000000000000b946      0x168 contiki-z1.a(uip-icmp6.o)
                0x000000000000b946                uip_icmp6_error_output
 .text.uip_icmp6_send
                0x000000000000baae       0x86 contiki-z1.a(uip-icmp6.o)
                0x000000000000baae                uip_icmp6_send
 .text.uip_icmp6_init
                0x000000000000bb34       0x12 contiki-z1.a(uip-icmp6.o)
                0x000000000000bb34                uip_icmp6_init
 .text.update_nbr
                0x000000000000bb46       0xde contiki-z1.a(rpl-nbr-policy.)
 .text.handle_periodic_timer
                0x000000000000bc24        0xe contiki-z1.a(rpl-nbr-policy.)
 .text.find_removable_dis
                0x000000000000bc32       0x16 contiki-z1.a(rpl-nbr-policy.)
                0x000000000000bc32                find_removable_dis
 .text.find_removable_dio
                0x000000000000bc48       0x3c contiki-z1.a(rpl-nbr-policy.)
                0x000000000000bc48                find_removable_dio
 .text.find_removable_dao
                0x000000000000bc84       0x34 contiki-z1.a(rpl-nbr-policy.)
                0x000000000000bc84                find_removable_dao
 .text.rpl_nbr_policy_find_removable
                0x000000000000bcb8       0x30 contiki-z1.a(rpl-nbr-policy.)
                0x000000000000bcb8                rpl_nbr_policy_find_removable
 .text.mac_call_sent_callback
                0x000000000000bce8       0x14 contiki-z1.a(mac.o)
                0x000000000000bce8                mac_call_sent_callback
 .text.libgcc   0x000000000000bcfc       0x2a /usr/lib/gcc/msp430/4.6.3/mcpu-430x/mmpy-16/libgcc.a(_mulsi3.o)
                0x000000000000bcfc                __mulsi3
 .text.libgcc   0x000000000000bd26       0x22 /usr/lib/gcc/msp430/4.6.3/mcpu-430x/mmpy-16/libgcc.a(_udivmod16.o)
                0x000000000000bd26                __udivhi3
                0x000000000000bd26                __ext_udivmod16
                0x000000000000bd40                __umodhi3
 .text.libgcc   0x000000000000bd48       0x3a /usr/lib/gcc/msp430/4.6.3/mcpu-430x/mmpy-16/libgcc.a(_divmod16.o)
                0x000000000000bd48                __ext_divmod16
                0x000000000000bd48                __divhi3
                0x000000000000bd7a                __modhi3
 .text.libgcc   0x000000000000bd82       0x38 /usr/lib/gcc/msp430/4.6.3/mcpu-430x/mmpy-16/libgcc.a(_udivmod32.o)
                0x000000000000bd82                __udivsi3
                0x000000000000bd82                __ext_udivmod32
                0x000000000000bdb0                __umodsi3
 .text.libgcc   0x000000000000bdba       0x4c /usr/lib/gcc/msp430/4.6.3/mcpu-430x/mmpy-16/libgcc.a(_divmod32.o)
                0x000000000000bdba                __ext_divmod32
                0x000000000000bdba                __divsi3
                0x000000000000bdfc                __modsi3
 .text          0x000000000000be06       0x20 /usr/lib/gcc/msp430/4.6.3/../../../../msp430/lib/mcpu-430x/mmpy-16/libc.a(memcmp.o)
                0x000000000000be06                memcmp
 .text          0x000000000000be26       0xe4 /usr/lib/gcc/msp430/4.6.3/../../../../msp430/lib/mcpu-430x/mmpy-16/libc.a(memcpy.o)
                0x000000000000be26                memcpy
 .text          0x000000000000bf0a       0xe4 /usr/lib/gcc/msp430/4.6.3/../../../../msp430/lib/mcpu-430x/mmpy-16/libc.a(memmove.o)
                0x000000000000bf0a                memmove
 .text          0x000000000000bfee       0x5c /usr/lib/gcc/msp430/4.6.3/../../../../msp430/lib/mcpu-430x/mmpy-16/libc.a(memset.o)
                0x000000000000bfee                memset
 .text          0x000000000000c04a       0x1e /usr/lib/gcc/msp430/4.6.3/../../../../msp430/lib/mcpu-430x/mmpy-16/libc.a(printf.o)
                0x000000000000c04a                printf
                0x000000000000c05a                vprintf
 .text          0x000000000000c068      0x818 /usr/lib/gcc/msp430/4.6.3/../../../../msp430/lib/mcpu-430x/mmpy-16/libc.a(vuprintf.o)
                0x000000000000c1e4                vuprintf
 .text          0x000000000000c880       0x2c /usr/lib/gcc/msp430/4.6.3/../../../../msp430/lib/mcpu-430x/mmpy-16/libc.a(puts.o)
                0x000000000000c880                puts
 .text          0x000000000000c8ac       0x54 /usr/lib/gcc/msp430/4.6.3/../../../../msp430/lib/mcpu-430x/mmpy-16/libc.a(rand.o)
                0x000000000000c8ac                rand_r
                0x000000000000c8d0                rand
                0x000000000000c8f6                srand
 .text.libgcc   0x000000000000c900       0xbc /usr/lib/gcc/msp430/4.6.3/mcpu-430x/mmpy-16/libgcc.a(_udivmod64.o)
                0x000000000000c900                __xabi_udivmod64
                0x000000000000c952                __udivdi3
                0x000000000000c96c                __umoddi3
                0x000000000000c98e                __udivmoddi4
 .text.crt0     0x000000000000c9bc        0x2 /usr/lib/gcc/msp430/4.6.3/mcpu-430x/mmpy-16/libcrt0.a(_unexpected_.o)
                0x000000000000c9bc                _unexpected_
                0x000000000000c9be                . = ALIGN (0x2)

.rodata         0x000000000000c9be      0x37a
                0x000000000000c9be                . = ALIGN (0x2)
 *(.rodata .rodata.* .gnu.linkonce.r.*)
 .rodata        0x000000000000c9be       0x1a roteador.co
                0x000000000000c9be                autostart_processes
 .rodata        0x000000000000c9d8       0xa6 obj_z1/slip-bridge.o
                0x000000000000ca7a                rpl_interface
 .rodata        0x000000000000ca7e      0x115 obj_z1/contiki-z1-main.o
 *fill*         0x000000000000cb93        0x1 00
 .rodata        0x000000000000cb94       0x70 contiki-z1.a(cc2420.o)
                0x000000000000cbc6                cc2420_aes_128_driver
                0x000000000000cbca                cc2420_driver
 .rodata        0x000000000000cc04        0x8 contiki-z1.a(sensors.o)
 .rodata        0x000000000000cc0c       0x10 contiki-z1.a(button-sensor.o)
                0x000000000000cc14                button_sensor
 .rodata        0x000000000000cc1c       0x21 contiki-z1.a(slip.o)
 *fill*         0x000000000000cc3d        0x1 00
 .rodata        0x000000000000cc3e       0x2e contiki-z1.a(adxl345.o)
                0x000000000000cc4e                adxl345
 .rodata        0x000000000000cc6c        0xf contiki-z1.a(ctimer.o)
 .rodata        0x000000000000cc7b        0xc contiki-z1.a(etimer.o)
 *fill*         0x000000000000cc87        0x1 00
 .rodata        0x000000000000cc88       0x24 contiki-z1.a(sicslowpan.o)
                0x000000000000cc94                sicslowpan_driver
                0x000000000000cc9a                llprefix
                0x000000000000cc9c                unc_mxconf
                0x000000000000cca0                unc_ctxconf
                0x000000000000cca4                unc_llconf
 .rodata        0x000000000000ccac        0xd contiki-z1.a(tcpip.o)
 .rodata        0x000000000000ccb9       0x28 contiki-z1.a(uip-debug.o)
 *fill*         0x000000000000cce1        0x1 00
 .rodata        0x000000000000cce2        0x8 contiki-z1.a(linkaddr.o)
                0x000000000000cce2                linkaddr_null
 .rodata        0x000000000000ccea       0x16 contiki-z1.a(nullmac.o)
                0x000000000000ccf2                nullmac_driver
 .rodata        0x000000000000cd00        0x6 contiki-z1.a(framer-802154.o)
                0x000000000000cd00                framer_802154
 .rodata        0x000000000000cd06        0x2 contiki-z1.a(frame802154.o)
 .rodata        0x000000000000cd08       0x18 contiki-z1.a(nullrdc.o)
                0x000000000000cd10                nullrdc_driver
 .rodata        0x000000000000cd20       0x10 contiki-z1.a(nullsec.o)
                0x000000000000cd28                nullsec_driver
 .rodata        0x000000000000cd30        0x7 /usr/lib/gcc/msp430/4.6.3/../../../../msp430/lib/mcpu-430x/mmpy-16/libc.a(vuprintf.o)
                0x000000000000cd38                . = ALIGN (0x2)
 *fill*         0x000000000000cd37        0x1 00
                0x000000000000cd38                _etext = .

.data           0x0000000000001100      0x104 load address 0x000000000000cd38
                0x0000000000001100                . = ALIGN (0x2)
                0x0000000000001100                PROVIDE (__data_start, .)
 *(.data .data.* .gnu.linkonce.d.*)
 .data          0x0000000000001100        0xa roteador.co
                0x0000000000001100                border_router_process
 .data          0x000000000000110a        0x4 obj_z1/contiki-z1-main.o
                0x000000000000110a                sensors
 .data          0x000000000000110e        0x2 contiki-z1.a(msp430.o)
 .data          0x0000000000001110        0xc contiki-z1.a(cc2420.o)
                0x0000000000001110                cc2420_process
 .data          0x000000000000111c        0xa contiki-z1.a(sensors.o)
                0x000000000000111c                sensors_process
 .data          0x0000000000001126        0xa contiki-z1.a(slip.o)
                0x0000000000001126                slip_process
 .data          0x0000000000001130       0x20 contiki-z1.a(adxl345.o)
                0x0000000000001130                accmeter_process
 .data          0x0000000000001150        0xa contiki-z1.a(ctimer.o)
                0x0000000000001150                ctimer_process
 .data          0x000000000000115a        0xa contiki-z1.a(etimer.o)
                0x000000000000115a                etimer_process
 .data          0x0000000000001164       0x22 contiki-z1.a(uip-ds6-route.o)
                0x0000000000001164                nbr_routes
 .data          0x0000000000001186        0xa contiki-z1.a(uip-ds6-nbr.o)
                0x0000000000001186                ds6_neighbors
 .data          0x0000000000001190        0xa contiki-z1.a(tcpip.o)
                0x0000000000001190                tcpip_process
 .data          0x000000000000119a        0xa contiki-z1.a(rpl-dag.o)
                0x000000000000119a                rpl_parents
 .data          0x00000000000011a4       0x12 contiki-z1.a(rpl-mrhof.o)
                0x00000000000011a4                rpl_mrhof
 .data          0x00000000000011b6       0x1a contiki-z1.a(rpl-icmp6.o)
 .data          0x00000000000011d0       0x10 contiki-z1.a(queuebuf.o)
 .data          0x00000000000011e0        0x8 contiki-z1.a(nbr-table.o)
 .data          0x00000000000011e8        0x8 contiki-z1.a(link-stats.o)
 .data          0x00000000000011f0        0x2 contiki-z1.a(frame802154.o)
 .data          0x00000000000011f2        0x1 contiki-z1.a(i2cmaster.o)
                0x00000000000011f2                prescale_lsb
 *fill*         0x00000000000011f3        0x1 00
 .data          0x00000000000011f4        0xc contiki-z1.a(uip-icmp6.o)
 .data          0x0000000000001200        0x4 /usr/lib/gcc/msp430/4.6.3/../../../../msp430/lib/mcpu-430x/mmpy-16/libc.a(rand.o)
                0x0000000000001204                . = ALIGN (0x2)
                0x0000000000001204                _edata = .
                0x000000000000cd38                PROVIDE (__data_load_start, LOADADDR (.data))
                0x0000000000000104                PROVIDE (__data_size, SIZEOF (.data))

.bss            0x0000000000001204     0x1686 load address 0x000000000000ce3c
                0x0000000000001204                PROVIDE (__bss_start, .)
 *(.bss .bss.*)
 .bss           0x0000000000001204       0x1e roteador.co
 .bss           0x0000000000001222       0x12 obj_z1/slip-bridge.o
 .bss           0x0000000000001234        0x4 obj_z1/contiki-z1-main.o
 .bss           0x0000000000001238        0x1 contiki-z1.a(leds.o)
 *fill*         0x0000000000001239        0x1 00
 .bss           0x000000000000123a        0x2 contiki-z1.a(watchdog.o)
 .bss           0x000000000000123c        0xa contiki-z1.a(cc2420.o)
 .bss           0x0000000000001246        0x2 contiki-z1.a(node-id.o)
                0x0000000000001246                node_id
 .bss           0x0000000000001248        0x6 contiki-z1.a(sensors.o)
 .bss           0x000000000000124e        0x8 contiki-z1.a(button-sensor.o)
 .bss           0x0000000000001256        0x4 contiki-z1.a(uart0.o)
 .bss           0x000000000000125a       0xa6 contiki-z1.a(slip.o)
 .bss           0x0000000000001300       0x16 contiki-z1.a(adxl345.o)
 .bss           0x0000000000001316        0xa contiki-z1.a(clock.o)
 .bss           0x0000000000001320        0x4 contiki-z1.a(ctimer.o)
 .bss           0x0000000000001324        0x6 contiki-z1.a(etimer.o)
 .bss           0x000000000000132a       0x38 contiki-z1.a(process.o)
                0x000000000000132a                process_current
                0x000000000000132c                process_list
 .bss           0x0000000000001362        0x2 contiki-z1.a(rtimer.o)
 .bss           0x0000000000001364       0x18 contiki-z1.a(uip-ds6.o)
 .bss           0x000000000000137c      0x2ba contiki-z1.a(uip-ds6-route.o)
 .bss           0x0000000000001636        0x8 contiki-z1.a(uip6.o)
                0x0000000000001636                uip_ext_opt_offset
                0x0000000000001638                uip_ext_len
                0x000000000000163a                uip_ext_bitmap
 .bss           0x000000000000163e      0x10e contiki-z1.a(uip-ds6-nbr.o)
 .bss           0x000000000000174c      0x6e6 contiki-z1.a(sicslowpan.o)
 .bss           0x0000000000001e32        0xe contiki-z1.a(tcpip.o)
 .bss           0x0000000000001e40       0x5a contiki-z1.a(rpl-dag.o)
 .bss           0x0000000000001e9a       0x18 contiki-z1.a(rpl-timers.o)
 .bss           0x0000000000001eb2        0x2 contiki-z1.a(rpl.o)
 .bss           0x0000000000001eb4      0x2d0 contiki-z1.a(queuebuf.o)
 .bss           0x0000000000002184       0xda contiki-z1.a(nbr-table.o)
 .bss           0x000000000000225e       0x86 contiki-z1.a(packetbuf.o)
 .bss           0x00000000000022e4       0x96 contiki-z1.a(link-stats.o)
 .bss           0x000000000000237a        0x2 contiki-z1.a(framer-802154.o)
 .bss           0x000000000000237c        0x4 contiki-z1.a(i2cmaster.o)
                0x000000000000237c                prescale_msb
 .bss           0x0000000000002380       0x14 contiki-z1.a(uip-icmp6.o)
 .bss           0x0000000000002394       0x20 contiki-z1.a(rpl-nbr-policy.)
 *(COMMON)
 COMMON         0x00000000000023b4        0x2 obj_z1/contiki-z1-main.o
                0x00000000000023b4                sensors_flags
 COMMON         0x00000000000023b6        0x2 contiki-z1.a(msp430.o)
                0x00000000000023b6                msp430_dco_required
 COMMON         0x00000000000023b8       0x10 contiki-z1.a(cc2420.o)
                0x00000000000023b8                cc2420_last_rssi
                0x00000000000023ba                cc2420_sfd_start_time
                0x00000000000023bc                cc2420_time_of_departure
                0x00000000000023be                cc2420_time_of_arrival
                0x00000000000023c0                cc2420_last_correlation
                0x00000000000023c2                cc2420_authority_level_of_sender
                0x00000000000023c4                cc2420_sfd_counter
                0x00000000000023c6                cc2420_sfd_end_time
 COMMON         0x00000000000023c8        0x8 contiki-z1.a(node-id.o)
                0x00000000000023c8                node_mac
 COMMON         0x00000000000023d0        0x1 contiki-z1.a(sensors.o)
                0x00000000000023d0                sensors_event
 COMMON         0x00000000000023d1        0x1 contiki-z1.a(slip.o)
                0x00000000000023d1                slip_active
 COMMON         0x00000000000023d2        0x4 contiki-z1.a(adxl345.o)
                0x00000000000023d2                accm_int2_cb
                0x00000000000023d4                accm_int1_cb
 COMMON         0x00000000000023d6       0x56 contiki-z1.a(energest.o)
                0x00000000000023d6                energest_total_time